{"name": "cre-c", "family": "kennington", "file": "benchmarks\\datasets\\coverage\\extended\\kennington\\cre-c.mps", "sovereign": {"status": "OPTIMAL", "time": 0.7713267998769879, "objective": 25275116.140880212}, "highs": {"status": "OPTIMAL", "time": 0.16847770009189844, "objective": 25275116.14088022}}
{"name": "cre-a", "family": "kennington", "file": "benchmarks\\datasets\\coverage\\extended\\kennington\\cre-a.mps", "sovereign": {"status": "OPTIMAL", "time": 1.3222996999975294, "objective": 23595407.060971618}, "highs": {"status": "OPTIMAL", "time": 0.20038409996777773, "objective": 23595407.06097162}}
{"name": "ken-07", "family": "kennington", "file": "benchmarks\\datasets\\coverage\\extended\\kennington\\ken-07.mps", "sovereign": {"status": "OPTIMAL", "time": 0.36979059991426766, "objective": -679520443.3816864}, "highs": {"status": "OPTIMAL", "time": 0.07169140013866127, "objective": -679520443.3816886}}
{"name": "ken-11", "family": "kennington", "file": "benchmarks\\datasets\\coverage\\extended\\kennington\\ken-11.mps", "sovereign": {"status": "OPTIMAL", "time": 18.460655100177974, "objective": -6972382262.51997}, "highs": {"status": "OPTIMAL", "time": 1.0990972998552024, "objective": -6972382262.519994}}
{"name": "cre-b", "family": "kennington", "file": "benchmarks\\datasets\\coverage\\extended\\kennington\\cre-b.mps", "sovereign": {"status": "OPTIMAL", "time": 52.2438401998952, "objective": 23129639.886832375}, "highs": {"status": "OPTIMAL", "time": 2.254824599949643, "objective": 23129639.88683238}}
{"name": "cre-d", "family": "kennington", "file": "benchmarks\\datasets\\coverage\\extended\\kennington\\cre-d.mps", "sovereign": {"status": "OPTIMAL", "time": 55.15407770010643, "objective": 24454969.76454925}, "highs": {"status": "OPTIMAL", "time": 1.1311298999935389, "objective": 24454969.76454924}}
{"name": "osa-07", "family": "kennington", "file": "benchmarks\\datasets\\coverage\\extended\\kennington\\osa-07.mps", "sovereign": {"status": "OPTIMAL", "time": 0.5213897000066936, "objective": 535722.5172993506}, "highs": {"status": "OPTIMAL", "time": 0.42288540001027286, "objective": 535722.517299351}}
{"name": "osa-14", "family": "kennington", "file": "benchmarks\\datasets\\coverage\\extended\\kennington\\osa-14.mps", "sovereign": {"status": "OPTIMAL", "time": 1.909615800017491, "objective": 1106462.844736255}, "highs": {"status": "OPTIMAL", "time": 1.7595608001574874, "objective": 1106462.8447362536}}
{"name": "ken-13", "family": "kennington", "file": "benchmarks\\datasets\\coverage\\extended\\kennington\\ken-13.mps", "sovereign": {"status": "OPTIMAL", "time": 59.14203429990448, "objective": -10257394789.482529}, "highs": {"status": "OPTIMAL", "time": 1.3401598997879773, "objective": -10257394789.48247}}
{"name": "pds-02", "family": "kennington", "file": "benchmarks\\datasets\\coverage\\extended\\kennington\\pds-02.mps", "sovereign": {"status": "OPTIMAL", "time": 0.1434685999993235, "objective": 28857862010.0}, "highs": {"status": "OPTIMAL", "time": 0.15093489992432296, "objective": 28857862010.0}}
{"name": "pds-06", "family": "kennington", "file": "benchmarks\\datasets\\coverage\\extended\\kennington\\pds-06.mps", "sovereign": {"status": "OPTIMAL", "time": 3.745486600091681, "objective": 27761037600.000004}, "highs": {"status": "OPTIMAL", "time": 0.6296600000932813, "objective": 27761037600.0}}
{"name": "osa-30", "family": "kennington", "file": "benchmarks\\datasets\\coverage\\extended\\kennington\\osa-30.mps", "sovereign": {"status": "OPTIMAL", "time": 8.245482300175354, "objective": 2142139.873209758}, "highs": {"status": "OPTIMAL", "time": 7.467211300041527, "objective": 2142139.873209765}}
{"name": "pds-10", "family": "kennington", "file": "benchmarks\\datasets\\coverage\\extended\\kennington\\pds-10.mps", "sovereign": {"status": "OPTIMAL", "time": 14.886703599942848, "objective": 26727094975.999992}, "highs": {"status": "OPTIMAL", "time": 1.1005611999426037, "objective": 26727094976.0}}
{"name": "osa-60", "family": "kennington", "file": "benchmarks\\datasets\\coverage\\extended\\kennington\\osa-60.mps", "sovereign": {"status": "OPTIMAL", "time": 80.04444500012323, "objective": 4044072.5031574448}, "highs": {"status": "OPTIMAL", "time": 38.63382870005444, "objective": 4044072.5031574406}}
{"name": "ken-18", "family": "kennington", "file": "benchmarks\\datasets\\coverage\\extended\\kennington\\ken-18.mps", "sovereign": {"status": "TIMEOUT", "time": 300.0, "objective": null}, "highs": {"status": "OPTIMAL", "time": 17.228099399944767, "objective": -52217025287.396805}}
{"name": "pds-20", "family": "kennington", "file": "benchmarks\\datasets\\coverage\\extended\\kennington\\pds-20.mps", "sovereign": {"status": "TIMEOUT", "time": 300.0, "objective": null}, "highs": {"status": "OPTIMAL", "time": 8.02079900004901, "objective": 23821658640.0}}
{"name": "physiciansched3-3", "family": "mittelmann", "file": "benchmarks\\datasets\\coverage\\extended\\mittelmann\\physiciansched3-3.mps", "sovereign": {"status": "ERROR", "time": 0.02685700007714331, "objective": null}, "highs": {"status": "EMPTY", "time": 4.369998350739479e-05, "objective": 0.0}}
{"name": "qap15", "family": "mittelmann", "file": "benchmarks\\datasets\\coverage\\extended\\mittelmann\\qap15.mps", "sovereign": {"status": "ERROR", "time": 0.03226820006966591, "objective": null}, "highs": {"status": "EMPTY", "time": 5.270005203783512e-05, "objective": 0.0}}
{"name": "brazil3", "family": "mittelmann", "file": "benchmarks\\datasets\\coverage\\extended\\mittelmann\\brazil3.mps", "sovereign": {"status": "TIMEOUT", "time": 300.0, "objective": null}, "highs": {"status": "OPTIMAL", "time": 20.10989880003035, "objective": 2.0000000000012172}}
{"name": "chromaticindex1024-7", "family": "mittelmann", "file": "benchmarks\\datasets\\coverage\\extended\\mittelmann\\chromaticindex1024-7.mps", "sovereign": {"status": "TIMEOUT", "time": 300.0, "objective": null}, "highs": {"status": "TIME_LIMIT_REACHED", "time": 300.0396070999559, "objective": 2.999999999999999}}
{"name": "datt256_lp", "family": "mittelmann", "file": "benchmarks\\datasets\\coverage\\extended\\mittelmann\\datt256_lp.mps", "sovereign": {"status": "TIMEOUT", "time": 300.0, "objective": null}, "highs": {"status": "TIME_LIMIT_REACHED", "time": 300.0287337999325, "objective": 255.99999999999454}}
wrote C:\Users\abhis\Desktop\26119\benchmarks\reports\showcase\extended_lp.jsonl; 21 instances
