[bb] nodes=1 open=0 incumbent=- node_bound=-inf depth=0 gap=-1 t=9.29001e-005s (lp 0 cuts 0 heur 0 branch 0)
[bb] nodes=2 open=1 incumbent=- node_bound=16 depth=1 gap=-1 t=0.0890812s (lp 0.0012832 cuts 0.0096701 heur 0.0518666 branch 0.0257212)
[bb] nodes=3 open=2 incumbent=- node_bound=16.5 depth=2 gap=-1 t=0.112342s (lp 0.0027008 cuts 0.0118494 heur 0.0520032 branch 0.0448989)
[bb] nodes=4 open=3 incumbent=- node_bound=17 depth=3 gap=-1 t=0.141996s (lp 0.003943 cuts 0.0143144 heur 0.0521293 branch 0.0704329)
[bb] nodes=5 open=4 incumbent=- node_bound=17.8333 depth=4 gap=-1 t=0.169154s (lp 0.0055418 cuts 0.0166151 heur 0.0522506 branch 0.0932905)
[bb] nodes=6 open=5 incumbent=- node_bound=18.5 depth=5 gap=-1 t=0.202422s (lp 0.0070711 cuts 0.0195527 heur 0.0523666 branch 0.121686)
[bb] nodes=7 open=6 incumbent=- node_bound=18.6429 depth=6 gap=-1 t=0.232619s (lp 0.009033 cuts 0.0197729 heur 0.0524989 branch 0.14926)
[bb] nodes=8 open=7 incumbent=- node_bound=19.1429 depth=7 gap=-1 t=0.250354s (lp 0.0104265 cuts 0.0199996 heur 0.0526206 branch 0.164948)
[bb] nodes=9 open=6 incumbent=- node_bound=16 depth=1 gap=-1 t=0.251137s (lp 0.0108485 cuts 0.0199996 heur 0.0526206 branch 0.164948)
[bb] nodes=10 open=7 incumbent=- node_bound=16.5 depth=2 gap=-1 t=0.276055s (lp 0.0120483 cuts 0.0219998 heur 0.0527534 branch 0.186185)
[bb] nodes=11 open=8 incumbent=- node_bound=17.4444 depth=3 gap=-1 t=0.325172s (lp 0.0135468 cuts 0.0239456 heur 0.0812874 branch 0.202945)
[bb] nodes=12 open=9 incumbent=- node_bound=17.8947 depth=4 gap=-1 t=0.343448s (lp 0.0150391 cuts 0.0267574 heur 0.081399 branch 0.216437)
[bb] nodes=13 open=10 incumbent=- node_bound=17.8947 depth=5 gap=-1 t=0.361027s (lp 0.0163497 cuts 0.0286362 heur 0.0815132 branch 0.230393)
[bb] nodes=14 open=11 incumbent=- node_bound=18 depth=6 gap=-1 t=0.383388s (lp 0.0177777 cuts 0.0288551 heur 0.0816261 branch 0.250768)
[bb] nodes=15 open=12 incumbent=- node_bound=19 depth=7 gap=-1 t=0.419016s (lp 0.0192555 cuts 0.0290681 heur 0.081743 branch 0.284317)
[bb] nodes=16 open=13 incumbent=- node_bound=19 depth=8 gap=-1 t=0.444766s (lp 0.0224345 cuts 0.0293463 heur 0.0819421 branch 0.305949)
[bb] nodes=17 open=12 incumbent=- node_bound=16.5 depth=2 gap=-1 t=0.445624s (lp 0.0229919 cuts 0.0293463 heur 0.0819421 branch 0.305949)
[bb] nodes=18 open=13 incumbent=- node_bound=17 depth=3 gap=-1 t=0.467759s (lp 0.0242512 cuts 0.0316046 heur 0.082068 branch 0.32409)
[bb] nodes=19 open=14 incumbent=- node_bound=17 depth=4 gap=-1 t=0.494291s (lp 0.0257236 cuts 0.0343969 heur 0.082215 branch 0.345689)
[bb] nodes=20 open=13 incumbent=- node_bound=16.5 depth=2 gap=-1 t=0.495151s (lp 0.0261722 cuts 0.0343969 heur 0.082215 branch 0.345689)
[bb] nodes=500 open=327 incumbent=- node_bound=25 depth=18 gap=-1 t=6.0795s (lp 0.805554 cuts 0.18792 heur 1.69111 branch 3.31753)
[bb] nodes=1000 open=605 incumbent=- node_bound=22 depth=12 gap=-1 t=8.03321s (lp 1.57968 cuts 0.291304 heur 2.644 branch 3.37842)
[bb] nodes=1500 open=903 incumbent=- node_bound=20.5 depth=11 gap=-1 t=9.57471s (lp 2.40565 cuts 0.401782 heur 3.15068 branch 3.41294)
[bb] nodes=2000 open=1211 incumbent=- node_bound=20.5 depth=10 gap=-1 t=11.0453s (lp 3.1773 cuts 0.506776 heur 3.66627 branch 3.42766)
[bb] nodes=2500 open=1511 incumbent=- node_bound=22 depth=11 gap=-1 t=12.4431s (lp 3.93922 cuts 0.611875 heur 4.12074 branch 3.44146)
[bb] nodes=3000 open=1751 incumbent=- node_bound=24 depth=17 gap=-1 t=14.0787s (lp 4.78506 cuts 0.723216 heur 4.70213 branch 3.46306)
[bb] nodes=3500 open=2021 incumbent=- node_bound=23 depth=18 gap=-1 t=15.5995s (lp 5.62863 cuts 0.832465 heur 5.1767 branch 3.48444)
[bb] nodes=4000 open=2339 incumbent=- node_bound=21 depth=14 gap=-1 t=17.0553s (lp 6.40684 cuts 0.935694 heur 5.65601 branch 3.51433)
[bb] nodes=4500 open=2665 incumbent=- node_bound=23 depth=16 gap=-1 t=18.6632s (lp 7.31288 cuts 1.06061 heur 6.14285 branch 3.52999)
[bb] nodes=5000 open=2999 incumbent=- node_bound=27 depth=24 gap=-1 t=20.1629s (lp 8.12984 cuts 1.16893 heur 6.62834 branch 3.55652)
[bb] nodes=5500 open=3299 incumbent=- node_bound=21.3333 depth=10 gap=-1 t=21.5084s (lp 8.86852 cuts 1.27223 heur 7.05412 branch 3.571)
[bb] nodes=6000 open=3599 incumbent=- node_bound=21.5 depth=14 gap=-1 t=22.937s (lp 9.64201 cuts 1.37303 heur 7.5321 branch 3.58482)
[bb] nodes=6500 open=3903 incumbent=- node_bound=21.5 depth=12 gap=-1 t=24.4004s (lp 10.4401 cuts 1.48096 heur 8.00953 branch 3.59898)
[bb] nodes=7000 open=4229 incumbent=- node_bound=22.5806 depth=13 gap=-1 t=25.9957s (lp 11.3376 cuts 1.60269 heur 8.49185 branch 3.61689)
[bb] nodes=7500 open=4537 incumbent=- node_bound=22 depth=14 gap=-1 t=27.423s (lp 12.1076 cuts 1.70745 heur 8.96766 branch 3.62995)
[bb] nodes=8000 open=4777 incumbent=- node_bound=23 depth=11 gap=-1 t=28.9047s (lp 12.9012 cuts 1.81692 heur 9.46215 branch 3.64427)
[bb] nodes=8500 open=5027 incumbent=- node_bound=23 depth=13 gap=-1 t=30.3819s (lp 13.6949 cuts 1.92413 heur 9.9548 branch 3.6581)
[bb] nodes=9000 open=5251 incumbent=- node_bound=24 depth=20 gap=-1 t=31.7247s (lp 14.4306 cuts 2.01786 heur 10.3914 branch 3.67014)
[bb] nodes=9500 open=5485 incumbent=- node_bound=23 depth=15 gap=-1 t=33.0813s (lp 15.1428 cuts 2.11211 heur 10.867 branch 3.68415)
[bb] nodes=10000 open=5719 incumbent=- node_bound=22 depth=16 gap=-1 t=34.7054s (lp 16.0523 cuts 2.22481 heur 11.3701 branch 3.70103)
[bb] nodes=10500 open=5951 incumbent=- node_bound=23 depth=14 gap=-1 t=36.1889s (lp 16.8344 cuts 2.33289 heur 11.8811 branch 3.71578)
[bb] nodes=11000 open=6233 incumbent=- node_bound=23 depth=14 gap=-1 t=37.5729s (lp 17.5883 cuts 2.43345 heur 12.3305 branch 3.72955)
[bb] nodes=11500 open=6533 incumbent=- node_bound=23.1667 depth=16 gap=-1 t=39.1248s (lp 18.4012 cuts 2.54636 heur 12.872 branch 3.74478)
[bb] nodes=12000 open=6795 incumbent=- node_bound=24 depth=18 gap=-1 t=40.5453s (lp 19.1862 cuts 2.64744 heur 13.3217 branch 3.75978)
[bb] nodes=12500 open=7027 incumbent=- node_bound=23 depth=20 gap=-1 t=42.1063s (lp 20.0298 cuts 2.7485 heur 13.8523 branch 3.77606)
[bb] nodes=13000 open=7259 incumbent=- node_bound=23 depth=12 gap=-1 t=43.8113s (lp 20.9499 cuts 2.86683 heur 14.4148 branch 3.7945)
[bb] nodes=13500 open=7503 incumbent=- node_bound=23.25 depth=18 gap=-1 t=45.3417s (lp 21.7599 cuts 2.97606 heur 14.9371 branch 3.80944)
[bb] nodes=14000 open=7765 incumbent=- node_bound=22 depth=19 gap=-1 t=47.023s (lp 22.5939 cuts 3.08565 heur 15.5763 branch 3.82994)
[bb] nodes=14500 open=8075 incumbent=- node_bound=22.1111 depth=20 gap=-1 t=48.4733s (lp 23.3823 cuts 3.19438 heur 16.0466 branch 3.84748)
[bb] nodes=15000 open=8331 incumbent=- node_bound=24 depth=20 gap=-1 t=49.9177s (lp 24.1492 cuts 3.30336 heur 16.5302 branch 3.86421)
[bb] nodes=15500 open=8529 incumbent=- node_bound=22.3333 depth=14 gap=-1 t=51.2687s (lp 24.8716 cuts 3.39529 heur 16.9884 branch 3.87772)
[bb] nodes=16000 open=8795 incumbent=- node_bound=23.3333 depth=18 gap=-1 t=52.6445s (lp 25.6241 cuts 3.48968 heur 17.4419 branch 3.89111)
[bb] nodes=16500 open=9105 incumbent=- node_bound=24 depth=23 gap=-1 t=54.114s (lp 26.4339 cuts 3.59803 heur 17.9096 branch 3.90782)
[bb] nodes=17000 open=9365 incumbent=- node_bound=24 depth=18 gap=-1 t=55.6117s (lp 27.2448 cuts 3.70394 heur 18.4006 branch 3.92373)
[bb] nodes=17500 open=9579 incumbent=- node_bound=24.5 depth=16 gap=-1 t=57.1972s (lp 28.0892 cuts 3.81618 heur 18.9351 branch 3.94125)
[bb] nodes=18000 open=9817 incumbent=- node_bound=24 depth=18 gap=-1 t=58.6291s (lp 28.858 cuts 3.92064 heur 19.405 branch 3.95662)
[bb] nodes=18500 open=10103 incumbent=- node_bound=23.5 depth=14 gap=-1 t=60.0922s (lp 29.6497 cuts 4.03131 heur 19.8801 branch 3.97316)
[bb] nodes=19000 open=10405 incumbent=- node_bound=25.3333 depth=21 gap=-1 t=61.5338s (lp 30.4399 cuts 4.13743 heur 20.3486 branch 3.98755)
[bb] nodes=19500 open=10647 incumbent=- node_bound=23 depth=12 gap=-1 t=62.9428s (lp 31.1857 cuts 4.23474 heur 20.8336 branch 4.00189)
[bb] nodes=20000 open=10801 incumbent=- node_bound=24 depth=15 gap=-1 t=64.2316s (lp 31.8694 cuts 4.31804 heur 21.278 branch 4.01564)
[bb] nodes=20500 open=10977 incumbent=- node_bound=24 depth=15 gap=-1 t=65.5685s (lp 32.5817 cuts 4.40745 heur 21.7325 branch 4.03135)
[bb] nodes=21000 open=11169 incumbent=- node_bound=25 depth=15 gap=-1 t=66.855s (lp 33.2718 cuts 4.49594 heur 22.163 branch 4.04634)
[bb] nodes=21500 open=11375 incumbent=- node_bound=23 depth=21 gap=-1 t=68.2148s (lp 33.9966 cuts 4.58782 heur 22.6267 branch 4.05959)
[bb] nodes=22000 open=11565 incumbent=- node_bound=23 depth=13 gap=-1 t=69.5716s (lp 34.7313 cuts 4.6835 heur 23.0729 branch 4.07172)
[bb] nodes=22500 open=11759 incumbent=- node_bound=24 depth=18 gap=-1 t=71.0941s (lp 35.5232 cuts 4.78363 heur 23.6193 branch 4.08611)
[bb] nodes=23000 open=11955 incumbent=- node_bound=23 depth=20 gap=-1 t=72.7371s (lp 36.4072 cuts 4.89352 heur 24.1706 branch 4.10199)
[bb] nodes=23500 open=12181 incumbent=- node_bound=23 depth=17 gap=-1 t=74.3451s (lp 37.259 cuts 4.99985 heur 24.7127 branch 4.11751)
[bb] nodes=24000 open=12401 incumbent=- node_bound=24.5 depth=20 gap=-1 t=75.7177s (lp 37.9938 cuts 5.09841 heur 25.1746 branch 4.1314)
[bb] nodes=24500 open=12567 incumbent=- node_bound=25 depth=17 gap=-1 t=77.0656s (lp 38.7026 cuts 5.18613 heur 25.6483 branch 4.1441)
[bb] nodes=25000 open=12791 incumbent=- node_bound=24 depth=18 gap=-1 t=78.6432s (lp 39.4996 cuts 5.28445 heur 26.2424 branch 4.15884)
[bb] nodes=25500 open=12979 incumbent=- node_bound=25 depth=23 gap=-1 t=80.001s (lp 40.2598 cuts 5.37797 heur 26.6649 branch 4.17615)
[bb] nodes=26000 open=13199 incumbent=- node_bound=24 depth=21 gap=-1 t=81.3936s (lp 41.0105 cuts 5.47355 heur 27.1285 branch 4.19084)
[bb] nodes=26500 open=13407 incumbent=- node_bound=24.5 depth=25 gap=-1 t=82.7781s (lp 41.765 cuts 5.57129 heur 27.5814 branch 4.20421)
[bb] nodes=27000 open=13661 incumbent=- node_bound=23 depth=16 gap=-1 t=84.3054s (lp 42.5951 cuts 5.68198 heur 28.0776 branch 4.21993)
[bb] nodes=27500 open=13945 incumbent=- node_bound=29 depth=30 gap=-1 t=85.8021s (lp 43.3986 cuts 5.78747 heur 28.5822 branch 4.23477)
[bb] nodes=28000 open=14209 incumbent=- node_bound=23 depth=11 gap=-1 t=87.2115s (lp 44.1813 cuts 5.89104 heur 29.0223 branch 4.25105)
[bb] nodes=28500 open=14397 incumbent=- node_bound=24 depth=15 gap=-1 t=88.5096s (lp 44.8805 cuts 5.9803 heur 29.4561 branch 4.26351)
[bb] nodes=29000 open=14633 incumbent=- node_bound=24 depth=22 gap=-1 t=90.1498s (lp 45.7307 cuts 6.09582 heur 30.0314 branch 4.28247)
[bb] nodes=29500 open=14851 incumbent=- node_bound=23 depth=15 gap=-1 t=91.5752s (lp 46.4963 cuts 6.19569 heur 30.4995 branch 4.30569)
[bb] nodes=30000 open=15085 incumbent=- node_bound=23 depth=18 gap=-1 t=93.0089s (lp 47.288 cuts 6.29588 heur 30.9634 branch 4.31924)
[bb] nodes=30500 open=15341 incumbent=- node_bound=24 depth=24 gap=-1 t=94.4392s (lp 48.0707 cuts 6.40692 heur 31.4139 branch 4.33887)
[bb] nodes=31000 open=15557 incumbent=- node_bound=26 depth=27 gap=-1 t=95.8409s (lp 48.8217 cuts 6.50107 heur 31.8878 branch 4.35518)
[bb] nodes=31500 open=15745 incumbent=- node_bound=25 depth=21 gap=-1 t=97.6406s (lp 49.8271 cuts 6.62785 heur 32.435 branch 4.37243)
[bb] nodes=32000 open=15925 incumbent=- node_bound=26 depth=23 gap=-1 t=99.0673s (lp 50.5556 cuts 6.71934 heur 32.9618 branch 4.38524)
[bb] nodes=32500 open=16145 incumbent=- node_bound=24.5 depth=26 gap=-1 t=100.426s (lp 51.2981 cuts 6.81217 heur 33.408 branch 4.39891)
[bb] nodes=33000 open=16371 incumbent=- node_bound=23 depth=14 gap=-1 t=101.888s (lp 52.0642 cuts 6.91116 heur 33.925 branch 4.4122)
[bb] nodes=33500 open=16569 incumbent=- node_bound=25 depth=21 gap=-1 t=103.251s (lp 52.7955 cuts 7.00696 heur 34.3729 branch 4.43026)
[bb] nodes=34000 open=16811 incumbent=- node_bound=23 depth=13 gap=-1 t=104.738s (lp 53.6009 cuts 7.10543 heur 34.8501 branch 4.44802)
[bb] nodes=34500 open=17029 incumbent=- node_bound=23 depth=22 gap=-1 t=106.172s (lp 54.3642 cuts 7.20346 heur 35.338 branch 4.46273)
[bb] nodes=35000 open=17235 incumbent=- node_bound=24 depth=21 gap=-1 t=107.511s (lp 55.0931 cuts 7.30073 heur 35.775 branch 4.47576)
[bb] nodes=35500 open=17523 incumbent=- node_bound=23 depth=17 gap=-1 t=108.874s (lp 55.8334 cuts 7.39878 heur 36.2266 branch 4.48999)
[bb] nodes=36000 open=17809 incumbent=- node_bound=24 depth=21 gap=-1 t=110.363s (lp 56.6304 cuts 7.50875 heur 36.7184 branch 4.50781)
[bb] nodes=36500 open=18073 incumbent=- node_bound=23.3333 depth=15 gap=-1 t=111.804s (lp 57.4198 cuts 7.61277 heur 37.1826 branch 4.52299)
[bb] nodes=37000 open=18319 incumbent=- node_bound=23.5 depth=20 gap=-1 t=113.276s (lp 58.2085 cuts 7.717 heur 37.6807 branch 4.53649)
[bb] nodes=37500 open=18593 incumbent=- node_bound=24 depth=24 gap=-1 t=114.708s (lp 58.9906 cuts 7.816 heur 38.1496 branch 4.55123)
[bb] nodes=38000 open=18861 incumbent=- node_bound=29 depth=29 gap=-1 t=116.15s (lp 59.7466 cuts 7.91582 heur 38.6549 branch 4.56647)
[bb] nodes=38500 open=19133 incumbent=- node_bound=26 depth=21 gap=-1 t=117.63s (lp 60.5786 cuts 8.01548 heur 39.1208 branch 4.58188)
[bb] nodes=39000 open=19441 incumbent=- node_bound=23 depth=20 gap=-1 t=119.182s (lp 61.3987 cuts 8.12327 heur 39.667 branch 4.59681)
[bb] nodes=39500 open=19761 incumbent=- node_bound=25.5 depth=29 gap=-1 t=120.606s (lp 62.1913 cuts 8.23066 heur 40.1156 branch 4.61251)
[bb] nodes=40000 open=20065 incumbent=- node_bound=24.125 depth=29 gap=-1 t=122.1s (lp 62.9961 cuts 8.33822 heur 40.6085 branch 4.63088)
[bb] nodes=40500 open=20293 incumbent=- node_bound=26.1667 depth=19 gap=-1 t=123.468s (lp 63.7353 cuts 8.42922 heur 41.0662 branch 4.64556)
[bb] nodes=41000 open=20545 incumbent=- node_bound=24.2 depth=17 gap=-1 t=125.01s (lp 64.5758 cuts 8.53526 heur 41.5708 branch 4.66345)
[bb] nodes=41500 open=20777 incumbent=- node_bound=24 depth=17 gap=-1 t=126.348s (lp 65.2942 cuts 8.62689 heur 42.0231 branch 4.67622)
[bb] nodes=42000 open=21053 incumbent=- node_bound=25.25 depth=26 gap=-1 t=127.727s (lp 66.04 cuts 8.73019 heur 42.4719 branch 4.6916)
[bb] nodes=42500 open=21313 incumbent=- node_bound=23.3333 depth=24 gap=-1 t=129.132s (lp 66.792 cuts 8.82509 heur 42.9482 branch 4.70487)
[bb] nodes=43000 open=21501 incumbent=- node_bound=24.5 depth=26 gap=-1 t=130.417s (lp 67.4808 cuts 8.91339 heur 43.3828 branch 4.71709)
[bb] nodes=43500 open=21737 incumbent=- node_bound=25.3333 depth=18 gap=-1 t=132.138s (lp 68.3798 cuts 9.01354 heur 43.9433 branch 4.79013)
[bb] nodes=44000 open=22001 incumbent=- node_bound=29 depth=27 gap=-1 t=133.495s (lp 69.1121 cuts 9.10819 heur 44.4033 branch 4.80535)
[bb] nodes=44500 open=22283 incumbent=- node_bound=23.3333 depth=14 gap=-1 t=134.915s (lp 69.8724 cuts 9.20407 heur 44.8864 branch 4.82509)
[bb] nodes=45000 open=22603 incumbent=- node_bound=25 depth=23 gap=-1 t=136.371s (lp 70.6998 cuts 9.31252 heur 45.3265 branch 4.84119)
[bb] nodes=45500 open=22933 incumbent=- node_bound=24.5 depth=25 gap=-1 t=138.325s (lp 71.7814 cuts 9.44413 heur 45.9472 branch 4.86982)
[bb] nodes=46000 open=23255 incumbent=- node_bound=24 depth=22 gap=-1 t=139.788s (lp 72.5709 cuts 9.55072 heur 46.4276 branch 4.88739)
[bb] nodes=46500 open=23501 incumbent=- node_bound=24 depth=14 gap=-1 t=141.131s (lp 73.3134 cuts 9.64528 heur 46.8592 branch 4.90088)
[bb] nodes=47000 open=23711 incumbent=- node_bound=25.5 depth=21 gap=-1 t=142.469s (lp 74.0159 cuts 9.73792 heur 47.3285 branch 4.91365)
[bb] nodes=47500 open=23929 incumbent=- node_bound=24 depth=16 gap=-1 t=143.777s (lp 74.7169 cuts 9.83493 heur 47.7643 branch 4.92688)
[bb] nodes=48000 open=24151 incumbent=- node_bound=27 depth=38 gap=-1 t=145.161s (lp 75.4495 cuts 9.9252 heur 48.2441 branch 4.94187)
[bb] nodes=48500 open=24373 incumbent=- node_bound=25.5 depth=29 gap=-1 t=146.564s (lp 76.1805 cuts 10.0186 heur 48.747 branch 4.95657)
[bb] nodes=49000 open=24587 incumbent=- node_bound=34 depth=29 gap=-1 t=147.893s (lp 76.8813 cuts 10.1106 heur 49.2116 branch 4.96891)
[bb] nodes=49500 open=24835 incumbent=- node_bound=25 depth=21 gap=-1 t=149.362s (lp 77.685 cuts 10.2124 heur 49.6881 branch 4.98535)
[bb] nodes=50000 open=25113 incumbent=- node_bound=28.5 depth=20 gap=-1 t=150.943s (lp 78.5226 cuts 10.3257 heur 50.2248 branch 5.00494)
[bb] nodes=50500 open=25365 incumbent=- node_bound=25 depth=20 gap=-1 t=152.489s (lp 79.3317 cuts 10.4302 heur 50.764 branch 5.02187)
[bb] nodes=51000 open=25671 incumbent=- node_bound=26 depth=23 gap=-1 t=153.871s (lp 80.0975 cuts 10.5315 heur 51.2001 branch 5.04003)
[bb] nodes=51500 open=25929 incumbent=- node_bound=24 depth=16 gap=-1 t=155.28s (lp 80.8498 cuts 10.638 heur 51.6694 branch 5.05547)
[bb] nodes=52000 open=26193 incumbent=- node_bound=24.8095 depth=22 gap=-1 t=156.636s (lp 81.5762 cuts 10.7353 heur 52.1237 branch 5.07136)
[bb] nodes=52500 open=26459 incumbent=- node_bound=25 depth=13 gap=-1 t=158.154s (lp 82.3864 cuts 10.8349 heur 52.6437 branch 5.08768)
[bb] nodes=53000 open=26693 incumbent=- node_bound=23.6667 depth=14 gap=-1 t=159.591s (lp 83.2011 cuts 10.9307 heur 53.0862 branch 5.10171)
[bb] nodes=53500 open=26991 incumbent=- node_bound=24.5 depth=26 gap=-1 t=161.016s (lp 83.9667 cuts 11.0324 heur 53.5665 branch 5.11591)
[bb] nodes=54000 open=27273 incumbent=- node_bound=26 depth=19 gap=-1 t=162.536s (lp 84.8245 cuts 11.1479 heur 54.0239 branch 5.13294)
[bb] nodes=54500 open=27553 incumbent=- node_bound=25 depth=22 gap=-1 t=163.984s (lp 85.5957 cuts 11.2566 heur 54.5069 branch 5.14889)
[bb] nodes=55000 open=27755 incumbent=- node_bound=24 depth=28 gap=-1 t=165.456s (lp 86.3899 cuts 11.3619 heur 54.9909 branch 5.16439)
[bb] nodes=55500 open=27969 incumbent=- node_bound=24 depth=15 gap=-1 t=166.76s (lp 87.0766 cuts 11.4503 heur 55.4432 branch 5.1767)
[bb] nodes=56000 open=28105 incumbent=- node_bound=24 depth=19 gap=-1 t=168.246s (lp 87.8108 cuts 11.5448 heur 56.0135 branch 5.19017)
[bb] nodes=56500 open=28235 incumbent=- node_bound=27 depth=27 gap=-1 t=170.159s (lp 88.8451 cuts 11.6752 heur 56.6194 branch 5.22868)
[bb] nodes=57000 open=28431 incumbent=- node_bound=24 depth=14 gap=-1 t=171.579s (lp 89.6024 cuts 11.7697 heur 57.1037 branch 5.24204)
[bb] nodes=57500 open=28595 incumbent=- node_bound=24 depth=15 gap=-1 t=172.891s (lp 90.268 cuts 11.8588 heur 57.588 branch 5.25403)
[bb] nodes=58000 open=28765 incumbent=- node_bound=24 depth=16 gap=-1 t=174.29s (lp 91.0156 cuts 11.9777 heur 58.0442 branch 5.26636)
[bb] nodes=58500 open=28895 incumbent=- node_bound=26 depth=28 gap=-1 t=175.538s (lp 91.671 cuts 12.0602 heur 58.4774 branch 5.27901)
[bb] nodes=59000 open=29071 incumbent=- node_bound=26 depth=23 gap=-1 t=176.804s (lp 92.3699 cuts 12.1497 heur 58.8809 branch 5.29091)
[bb] nodes=59500 open=29287 incumbent=- node_bound=27 depth=26 gap=-1 t=178.295s (lp 93.1836 cuts 12.247 heur 59.3764 branch 5.30537)
[bb] nodes=60000 open=29485 incumbent=- node_bound=26 depth=22 gap=-1 t=179.715s (lp 93.9554 cuts 12.3446 heur 59.8401 branch 5.32318)
[bb] nodes=60500 open=29685 incumbent=- node_bound=24 depth=17 gap=-1 t=181.07s (lp 94.6841 cuts 12.4314 heur 60.3028 branch 5.33769)
[bb] nodes=61000 open=29827 incumbent=- node_bound=26 depth=21 gap=-1 t=182.363s (lp 95.3772 cuts 12.5155 heur 60.7403 branch 5.34952)
[bb] nodes=61500 open=30021 incumbent=- node_bound=24 depth=20 gap=-1 t=183.694s (lp 96.0902 cuts 12.6104 heur 61.1872 branch 5.36219)
[bb] nodes=62000 open=30207 incumbent=- node_bound=24 depth=17 gap=-1 t=185s (lp 96.7894 cuts 12.7012 heur 61.6206 branch 5.37573)
[bb] nodes=62500 open=30363 incumbent=- node_bound=25 depth=23 gap=-1 t=186.407s (lp 97.5158 cuts 12.796 heur 62.1225 branch 5.38911)
[bb] nodes=63000 open=30553 incumbent=- node_bound=24 depth=24 gap=-1 t=187.929s (lp 98.3054 cuts 12.8968 heur 62.6653 branch 5.40365)
[bb] nodes=63500 open=30719 incumbent=- node_bound=24 depth=19 gap=-1 t=189.276s (lp 99.0276 cuts 12.9846 heur 63.1249 branch 5.41582)
[bb] nodes=64000 open=30947 incumbent=- node_bound=24 depth=25 gap=-1 t=190.624s (lp 99.7593 cuts 13.0784 heur 63.5691 branch 5.42994)
[bb] nodes=64500 open=31163 incumbent=- node_bound=24 depth=21 gap=-1 t=192.139s (lp 100.566 cuts 13.182 heur 64.0844 branch 5.4442)
[bb] nodes=65000 open=31387 incumbent=- node_bound=24 depth=16 gap=-1 t=193.639s (lp 101.353 cuts 13.2782 heur 64.6107 branch 5.463)
[bb] nodes=65500 open=31595 incumbent=- node_bound=24 depth=19 gap=-1 t=195.004s (lp 102.096 cuts 13.3719 heur 65.0644 branch 5.47644)
[bb] nodes=66000 open=31817 incumbent=- node_bound=24 depth=15 gap=-1 t=196.428s (lp 102.84 cuts 13.4663 heur 65.5676 branch 5.49059)
[bb] nodes=66500 open=32049 incumbent=- node_bound=25 depth=23 gap=-1 t=197.865s (lp 103.663 cuts 13.5705 heur 65.9929 branch 5.50697)
[bb] nodes=67000 open=32231 incumbent=- node_bound=25 depth=24 gap=-1 t=199.215s (lp 104.397 cuts 13.6613 heur 66.4325 branch 5.52477)
[bb] nodes=67500 open=32455 incumbent=- node_bound=25.5 depth=21 gap=-1 t=200.722s (lp 105.159 cuts 13.7664 heur 66.9846 branch 5.53996)
[bb] nodes=68000 open=32661 incumbent=- node_bound=26 depth=24 gap=-1 t=202.127s (lp 105.906 cuts 13.8652 heur 67.4602 branch 5.55332)
[bb] nodes=68500 open=32853 incumbent=- node_bound=26 depth=23 gap=-1 t=203.481s (lp 106.636 cuts 13.9555 heur 67.9169 branch 5.56551)
[bb] nodes=69000 open=33057 incumbent=- node_bound=24 depth=15 gap=-1 t=204.84s (lp 107.365 cuts 14.0506 heur 68.3708 branch 5.57932)
[bb] nodes=69500 open=33281 incumbent=- node_bound=25 depth=18 gap=-1 t=206.372s (lp 108.198 cuts 14.1565 heur 68.8691 branch 5.59534)
[bb] nodes=70000 open=33493 incumbent=- node_bound=25 depth=22 gap=-1 t=207.75s (lp 108.931 cuts 14.2514 heur 69.3406 branch 5.60883)
[bb] nodes=70500 open=33689 incumbent=- node_bound=28 depth=23 gap=-1 t=209.094s (lp 109.649 cuts 14.3443 heur 69.7948 branch 5.62226)
[bb] nodes=71000 open=33873 incumbent=- node_bound=25 depth=19 gap=-1 t=210.455s (lp 110.372 cuts 14.4341 heur 70.2659 branch 5.63646)
[bb] nodes=71500 open=34017 incumbent=- node_bound=26 depth=19 gap=-1 t=211.779s (lp 111.074 cuts 14.5225 heur 70.7235 branch 5.65039)
[bb] nodes=72000 open=34203 incumbent=- node_bound=26 depth=29 gap=-1 t=213.254s (lp 111.8 cuts 14.6129 heur 71.3007 branch 5.66416)
[bb] nodes=72500 open=34397 incumbent=- node_bound=24 depth=19 gap=-1 t=214.631s (lp 112.528 cuts 14.7058 heur 71.7776 branch 5.67699)
[bb] nodes=73000 open=34579 incumbent=- node_bound=27 depth=21 gap=-1 t=216.011s (lp 113.25 cuts 14.7976 heur 72.2639 branch 5.69029)
[bb] nodes=73500 open=34767 incumbent=- node_bound=24 depth=21 gap=-1 t=218.121s (lp 114.3 cuts 14.9131 heur 73.0729 branch 5.71812)
[bb] nodes=74000 open=34985 incumbent=- node_bound=24 depth=21 gap=-1 t=221.503s (lp 116.174 cuts 15.1623 heur 74.0439 branch 5.76555)
[bb] nodes=74500 open=35177 incumbent=- node_bound=27 depth=21 gap=-1 t=223.605s (lp 117.333 cuts 15.2866 heur 74.7342 branch 5.7884)
[bb] nodes=75000 open=35351 incumbent=- node_bound=24 depth=13 gap=-1 t=225.493s (lp 118.328 cuts 15.407 heur 75.3816 branch 5.81053)
[bb] nodes=75500 open=35601 incumbent=- node_bound=26 depth=20 gap=-1 t=227.726s (lp 119.467 cuts 15.5477 heur 76.1194 branch 5.83722)
[bb] nodes=76000 open=35827 incumbent=- node_bound=24 depth=15 gap=-1 t=229.66s (lp 120.515 cuts 15.6802 heur 76.7556 branch 5.85993)
[bb] nodes=76500 open=36023 incumbent=- node_bound=25.5 depth=23 gap=-1 t=231.536s (lp 121.475 cuts 15.7997 heur 77.4394 branch 5.879)
[bb] nodes=77000 open=36225 incumbent=- node_bound=27 depth=22 gap=-1 t=233.692s (lp 122.616 cuts 15.9448 heur 78.1675 branch 5.9057)
[bb] nodes=77500 open=36417 incumbent=- node_bound=26 depth=20 gap=-1 t=235.829s (lp 123.807 cuts 16.0887 heur 78.839 branch 5.92885)
[bb] nodes=78000 open=36649 incumbent=- node_bound=24 depth=18 gap=-1 t=237.891s (lp 124.831 cuts 16.2165 heur 79.6326 branch 5.95096)
[bb] nodes=78500 open=36889 incumbent=- node_bound=25 depth=22 gap=-1 t=239.926s (lp 125.93 cuts 16.3499 heur 80.2923 branch 5.97712)
[bb] nodes=79000 open=37081 incumbent=- node_bound=25 depth=16 gap=-1 t=241.787s (lp 126.896 cuts 16.4641 heur 80.9543 branch 6.00249)
[bb] nodes=79500 open=37289 incumbent=- node_bound=27 depth=25 gap=-1 t=243.791s (lp 127.959 cuts 16.5939 heur 81.6255 branch 6.02903)
[bb] nodes=80000 open=37535 incumbent=- node_bound=26 depth=28 gap=-1 t=245.708s (lp 128.97 cuts 16.7229 heur 82.2549 branch 6.08078)
[bb] nodes=80500 open=37779 incumbent=- node_bound=25 depth=23 gap=-1 t=248.281s (lp 130.391 cuts 16.8861 heur 83.0896 branch 6.1065)
[bb] nodes=81000 open=37997 incumbent=- node_bound=25.5 depth=22 gap=-1 t=250.099s (lp 131.407 cuts 17.019 heur 83.6417 branch 6.12945)
[bb] nodes=81500 open=38217 incumbent=- node_bound=25 depth=23 gap=-1 t=252.097s (lp 132.523 cuts 17.1412 heur 84.2814 branch 6.15277)
[bb] nodes=82000 open=38403 incumbent=- node_bound=24 depth=24 gap=-1 t=253.997s (lp 133.528 cuts 17.2614 heur 84.9334 branch 6.17855)
[bb] nodes=82500 open=38657 incumbent=- node_bound=26 depth=31 gap=-1 t=256.129s (lp 134.569 cuts 17.3871 heur 85.7726 branch 6.2)
[bb] nodes=83000 open=38901 incumbent=- node_bound=24 depth=13 gap=-1 t=258.202s (lp 135.701 cuts 17.5341 heur 86.4395 branch 6.22348)
[bb] nodes=83500 open=39111 incumbent=- node_bound=26 depth=26 gap=-1 t=260.352s (lp 136.841 cuts 17.6804 heur 87.1647 branch 6.24525)
[bb] nodes=84000 open=39303 incumbent=- node_bound=24.3333 depth=17 gap=-1 t=262.626s (lp 138.025 cuts 17.8396 heur 87.9503 branch 6.26975)
[bb] nodes=84500 open=39503 incumbent=- node_bound=24 depth=13 gap=-1 t=264.462s (lp 139.015 cuts 17.9639 heur 88.5471 branch 6.29112)
[bb] nodes=85000 open=39719 incumbent=- node_bound=25 depth=20 gap=-1 t=266.392s (lp 140.074 cuts 18.0896 heur 89.1766 branch 6.31003)
[bb] nodes=85500 open=39927 incumbent=- node_bound=25 depth=24 gap=-1 t=268.239s (lp 141.023 cuts 18.2156 heur 89.8362 branch 6.33041)
[bb] nodes=86000 open=40153 incumbent=- node_bound=24 depth=20 gap=-1 t=270.184s (lp 142.034 cuts 18.3448 heur 90.5206 branch 6.35141)
[bb] nodes=86500 open=40325 incumbent=- node_bound=27 depth=30 gap=-1 t=272.017s (lp 142.957 cuts 18.4639 heur 91.1979 branch 6.37145)
[bb] nodes=87000 open=40535 incumbent=- node_bound=26.75 depth=24 gap=-1 t=273.894s (lp 143.967 cuts 18.5922 heur 91.784 branch 6.39473)
[bb] nodes=87500 open=40769 incumbent=- node_bound=25 depth=13 gap=-1 t=276.024s (lp 145.079 cuts 18.7333 heur 92.5174 branch 6.42237)
[bb] nodes=88000 open=40985 incumbent=- node_bound=34 depth=31 gap=-1 t=278.256s (lp 146.332 cuts 18.8792 heur 93.2091 branch 6.44191)
[bb] nodes=88500 open=41227 incumbent=- node_bound=25 depth=25 gap=-1 t=280.232s (lp 147.349 cuts 19.0093 heur 93.9113 branch 6.47054)
[bb] nodes=89000 open=41455 incumbent=- node_bound=28 depth=27 gap=-1 t=282.286s (lp 148.409 cuts 19.1396 heur 94.6571 branch 6.49234)
[bb] nodes=89500 open=41695 incumbent=- node_bound=27 depth=17 gap=-1 t=284.497s (lp 149.62 cuts 19.2866 heur 95.3689 branch 6.52203)
[bb] nodes=90000 open=41929 incumbent=- node_bound=25 depth=20 gap=-1 t=286.506s (lp 150.722 cuts 19.4282 heur 96.013 branch 6.54629)
[bb] nodes=90500 open=42111 incumbent=- node_bound=27 depth=25 gap=-1 t=288.313s (lp 151.659 cuts 19.5602 heur 96.639 branch 6.56304)
[bb] nodes=91000 open=42375 incumbent=- node_bound=27 depth=28 gap=-1 t=290.86s (lp 153.034 cuts 19.7315 heur 97.4327 branch 6.59636)
[bb] nodes=91500 open=42583 incumbent=- node_bound=25.5 depth=21 gap=-1 t=292.822s (lp 154.121 cuts 19.8721 heur 98.0491 branch 6.61557)
[bb] nodes=92000 open=42841 incumbent=- node_bound=24 depth=20 gap=-1 t=295.229s (lp 155.283 cuts 20.0192 heur 98.9987 branch 6.64664)
[bb] nodes=92500 open=43073 incumbent=- node_bound=26.5 depth=22 gap=-1 t=297.169s (lp 156.287 cuts 20.1625 heur 99.6772 branch 6.66851)
[bb] nodes=93000 open=43299 incumbent=- node_bound=24 depth=25 gap=-1 t=299.014s (lp 157.298 cuts 20.2882 heur 100.273 branch 6.68907)
[bb] nodes=93500 open=43521 incumbent=- node_bound=27 depth=30 gap=-1 t=301.098s (lp 158.341 cuts 20.4386 heur 101.042 branch 6.71259)
[bb] nodes=94000 open=43777 incumbent=- node_bound=27 depth=30 gap=-1 t=303.01s (lp 159.392 cuts 20.5701 heur 101.659 branch 6.7339)
[bb] nodes=94500 open=43997 incumbent=- node_bound=24 depth=23 gap=-1 t=305.423s (lp 160.686 cuts 20.7231 heur 102.463 branch 6.76031)
[bb] nodes=95000 open=44257 incumbent=- node_bound=25 depth=18 gap=-1 t=307.373s (lp 161.727 cuts 20.8577 heur 103.112 branch 6.78171)
[bb] nodes=95500 open=44515 incumbent=- node_bound=27 depth=27 gap=-1 t=309.391s (lp 162.847 cuts 20.9982 heur 103.75 branch 6.805)
[bb] nodes=96000 open=44791 incumbent=- node_bound=26 depth=25 gap=-1 t=311.372s (lp 163.889 cuts 21.1296 heur 104.441 branch 6.82768)
[bb] nodes=96500 open=45031 incumbent=- node_bound=24 depth=24 gap=-1 t=313.27s (lp 164.954 cuts 21.2671 heur 105.022 branch 6.8464)
[bb] nodes=97000 open=45293 incumbent=- node_bound=24 depth=23 gap=-1 t=315.163s (lp 165.986 cuts 21.4051 heur 105.617 branch 6.87142)
[bb] nodes=97500 open=45537 incumbent=- node_bound=25 depth=17 gap=-1 t=317.222s (lp 167.124 cuts 21.5359 heur 106.277 branch 6.9031)
[bb] nodes=98000 open=45747 incumbent=- node_bound=24 depth=24 gap=-1 t=319.751s (lp 168.414 cuts 21.722 heur 107.171 branch 6.92928)
[bb] nodes=98500 open=46027 incumbent=- node_bound=27.5 depth=32 gap=-1 t=321.812s (lp 169.482 cuts 21.8673 heur 107.89 branch 6.9522)
[bb] nodes=99000 open=46303 incumbent=- node_bound=24 depth=18 gap=-1 t=323.937s (lp 170.563 cuts 22.0111 heur 108.666 branch 6.97466)
[bb] nodes=99500 open=46547 incumbent=- node_bound=24 depth=22 gap=-1 t=325.961s (lp 171.615 cuts 22.1389 heur 109.386 branch 6.99764)
[bb] nodes=100000 open=46803 incumbent=- node_bound=24.5 depth=21 gap=-1 t=328.112s (lp 172.789 cuts 22.2735 heur 110.097 branch 7.02351)
[bb] nodes=100500 open=47061 incumbent=- node_bound=24 depth=24 gap=-1 t=330.174s (lp 173.872 cuts 22.4107 heur 110.819 branch 7.04502)
[bb] nodes=101000 open=47245 incumbent=- node_bound=24 depth=14 gap=-1 t=332.643s (lp 175.173 cuts 22.5796 heur 111.655 branch 7.07062)
[bb] nodes=101500 open=47507 incumbent=- node_bound=25 depth=26 gap=-1 t=335.307s (lp 176.434 cuts 22.7476 heur 112.723 branch 7.09488)
[bb] nodes=102000 open=47737 incumbent=- node_bound=25 depth=18 gap=-1 t=337.253s (lp 177.504 cuts 22.8886 heur 113.342 branch 7.11871)
[bb] nodes=102500 open=47989 incumbent=- node_bound=25 depth=20 gap=-1 t=339.736s (lp 178.863 cuts 23.0522 heur 114.138 branch 7.13979)
[bb] nodes=103000 open=48241 incumbent=- node_bound=25 depth=19 gap=-1 t=341.884s (lp 180.012 cuts 23.2162 heur 114.837 branch 7.16021)
[bb] nodes=103500 open=48459 incumbent=- node_bound=24 depth=23 gap=-1 t=344.504s (lp 181.394 cuts 23.3907 heur 115.722 branch 7.18592)
[bb] nodes=104000 open=48737 incumbent=- node_bound=25 depth=24 gap=-1 t=346.9s (lp 182.676 cuts 23.5455 heur 116.523 branch 7.21279)
[bb] nodes=104500 open=49033 incumbent=- node_bound=24 depth=23 gap=-1 t=349.341s (lp 184.054 cuts 23.7528 heur 117.228 branch 7.23897)
[bb] nodes=105000 open=49307 incumbent=- node_bound=24 depth=17 gap=-1 t=351.505s (lp 185.216 cuts 23.893 heur 117.948 branch 7.26892)
[bb] nodes=105500 open=49567 incumbent=- node_bound=24.2 depth=22 gap=-1 t=353.446s (lp 186.272 cuts 24.0291 heur 118.57 branch 7.29151)
[bb] nodes=106000 open=49815 incumbent=- node_bound=24 depth=16 gap=-1 t=355.628s (lp 187.478 cuts 24.1658 heur 119.256 branch 7.33028)
[bb] nodes=106500 open=50043 incumbent=- node_bound=26 depth=32 gap=-1 t=357.493s (lp 188.503 cuts 24.2926 heur 119.854 branch 7.3494)
[bb] nodes=107000 open=50279 incumbent=- node_bound=29.5 depth=28 gap=-1 t=359.655s (lp 189.656 cuts 24.4593 heur 120.58 branch 7.37351)
[bb] nodes=107500 open=50517 incumbent=- node_bound=24 depth=23 gap=-1 t=362.161s (lp 190.971 cuts 24.6321 heur 121.442 branch 7.3983)
[bb] nodes=108000 open=50755 incumbent=- node_bound=24 depth=32 gap=-1 t=364.107s (lp 192.036 cuts 24.7692 heur 122.054 branch 7.41919)
[bb] nodes=108500 open=51033 incumbent=- node_bound=24 depth=20 gap=-1 t=366.249s (lp 193.192 cuts 24.9286 heur 122.748 branch 7.44357)
[bb] nodes=109000 open=51289 incumbent=- node_bound=24 depth=24 gap=-1 t=368.192s (lp 194.255 cuts 25.0532 heur 123.381 branch 7.46437)
[bb] nodes=109500 open=51539 incumbent=- node_bound=24 depth=18 gap=-1 t=370.217s (lp 195.378 cuts 25.1893 heur 123.998 branch 7.50351)
[bb] nodes=110000 open=51781 incumbent=- node_bound=26 depth=21 gap=-1 t=372.632s (lp 196.642 cuts 25.3423 heur 124.839 branch 7.53734)
[bb] nodes=110500 open=52049 incumbent=- node_bound=25 depth=28 gap=-1 t=375.231s (lp 197.962 cuts 25.5574 heur 125.727 branch 7.56532)
[bb] nodes=111000 open=52283 incumbent=- node_bound=27.6667 depth=26 gap=-1 t=377.778s (lp 199.306 cuts 25.7241 heur 126.61 branch 7.59272)
[bb] nodes=111500 open=52537 incumbent=- node_bound=28 depth=28 gap=-1 t=379.795s (lp 200.368 cuts 25.8592 heur 127.308 branch 7.61406)
[bb] nodes=112000 open=52771 incumbent=- node_bound=26 depth=24 gap=-1 t=381.888s (lp 201.481 cuts 26.0016 heur 128.027 branch 7.63509)
[bb] nodes=112500 open=53063 incumbent=- node_bound=30 depth=28 gap=-1 t=383.795s (lp 202.52 cuts 26.1405 heur 128.636 branch 7.65755)
[bb] nodes=113000 open=53293 incumbent=- node_bound=24.0667 depth=17 gap=-1 t=386.118s (lp 203.801 cuts 26.2804 heur 129.389 branch 7.67978)
[bb] nodes=113500 open=53543 incumbent=- node_bound=25 depth=29 gap=-1 t=388.331s (lp 204.931 cuts 26.4125 heur 130.189 branch 7.71451)
[bb] nodes=114000 open=53821 incumbent=- node_bound=24.125 depth=18 gap=-1 t=390.849s (lp 206.27 cuts 26.594 heur 131.033 branch 7.74096)
[bb] nodes=114500 open=54085 incumbent=- node_bound=25 depth=24 gap=-1 t=392.998s (lp 207.418 cuts 26.7364 heur 131.756 branch 7.77548)
[bb] nodes=115000 open=54347 incumbent=- node_bound=26 depth=24 gap=-1 t=394.978s (lp 208.462 cuts 26.875 heur 132.429 branch 7.8013)
[bb] nodes=115500 open=54605 incumbent=- node_bound=25.2 depth=23 gap=-1 t=396.932s (lp 209.54 cuts 27.0169 heur 133.052 branch 7.82158)
[bb] nodes=116000 open=54833 incumbent=- node_bound=27 depth=27 gap=-1 t=399.215s (lp 210.775 cuts 27.1769 heur 133.79 branch 7.847)
[bb] nodes=116500 open=55095 incumbent=- node_bound=24.25 depth=16 gap=-1 t=401.243s (lp 211.842 cuts 27.3216 heur 134.466 branch 7.87013)
[bb] nodes=117000 open=55269 incumbent=- node_bound=25 depth=17 gap=-1 t=403.361s (lp 212.88 cuts 27.4474 heur 135.283 branch 7.88993)
[bb] nodes=117500 open=55503 incumbent=- node_bound=24.25 depth=16 gap=-1 t=406.143s (lp 214.391 cuts 27.624 heur 136.198 branch 7.92686)
[bb] nodes=118000 open=55763 incumbent=- node_bound=24.25 depth=23 gap=-1 t=408.512s (lp 215.664 cuts 27.8015 heur 136.901 branch 7.9492)
[bb] nodes=118500 open=56065 incumbent=- node_bound=24.25 depth=22 gap=-1 t=411.556s (lp 217.266 cuts 28.0167 heur 137.927 branch 7.98138)
[bb] nodes=119000 open=56313 incumbent=- node_bound=27 depth=24 gap=-1 t=413.784s (lp 218.361 cuts 28.1528 heur 138.788 branch 8.00512)
[bb] nodes=119500 open=56499 incumbent=- node_bound=26 depth=24 gap=-1 t=416.066s (lp 219.502 cuts 28.2912 heur 139.651 branch 8.02802)
[bb] nodes=120000 open=56695 incumbent=- node_bound=24.3333 depth=23 gap=-1 t=418.445s (lp 220.725 cuts 28.4444 heur 140.51 branch 8.05107)
[bb] nodes=120500 open=56925 incumbent=- node_bound=24.3333 depth=28 gap=-1 t=420.921s (lp 221.97 cuts 28.599 heur 141.436 branch 8.07578)
[bb] nodes=121000 open=57113 incumbent=- node_bound=24.3333 depth=20 gap=-1 t=422.744s (lp 222.97 cuts 28.7159 heur 142.029 branch 8.09589)
[bb] nodes=121500 open=57337 incumbent=- node_bound=25 depth=20 gap=-1 t=424.945s (lp 224.118 cuts 28.8878 heur 142.771 branch 8.12043)
[bb] nodes=122000 open=57595 incumbent=- node_bound=25 depth=22 gap=-1 t=426.948s (lp 225.215 cuts 29.0368 heur 143.402 branch 8.14314)
[bb] nodes=122500 open=57859 incumbent=- node_bound=24.3333 depth=20 gap=-1 t=429.402s (lp 226.595 cuts 29.2226 heur 144.139 branch 8.17161)
[bb] nodes=123000 open=58131 incumbent=- node_bound=28 depth=21 gap=-1 t=431.558s (lp 227.707 cuts 29.3629 heur 144.923 branch 8.19494)
[bb] nodes=123500 open=58393 incumbent=- node_bound=24.3333 depth=25 gap=-1 t=434.01s (lp 229.001 cuts 29.5227 heur 145.766 branch 8.22244)
[bb] nodes=124000 open=58703 incumbent=- node_bound=26 depth=22 gap=-1 t=436.486s (lp 230.382 cuts 29.6967 heur 146.538 branch 8.25166)
[bb] nodes=124500 open=59005 incumbent=- node_bound=31 depth=26 gap=-1 t=438.573s (lp 231.52 cuts 29.8498 heur 147.194 branch 8.27538)
[bb] nodes=125000 open=59263 incumbent=- node_bound=29 depth=37 gap=-1 t=441.017s (lp 232.873 cuts 30.0187 heur 147.949 branch 8.30274)
[bb] nodes=125500 open=59581 incumbent=- node_bound=24.3333 depth=21 gap=-1 t=443.605s (lp 234.331 cuts 30.1878 heur 148.743 branch 8.33077)
[bb] nodes=126000 open=59877 incumbent=- node_bound=26 depth=24 gap=-1 t=445.824s (lp 235.502 cuts 30.3409 heur 149.5 branch 8.35872)
[bb] nodes=126500 open=60161 incumbent=- node_bound=25.4286 depth=20 gap=-1 t=448.316s (lp 236.868 cuts 30.5092 heur 150.278 branch 8.39814)
[bb] nodes=127000 open=60365 incumbent=- node_bound=25.3333 depth=19 gap=-1 t=450.684s (lp 238.145 cuts 30.6716 heur 151.048 branch 8.42239)
[bb] nodes=127500 open=60557 incumbent=- node_bound=24.5 depth=27 gap=-1 t=452.64s (lp 239.176 cuts 30.7945 heur 151.722 branch 8.44455)
[bb] nodes=128000 open=60773 incumbent=- node_bound=24.5 depth=21 gap=-1 t=454.802s (lp 240.32 cuts 30.9469 heur 152.45 branch 8.47109)
[bb] nodes=128500 open=60989 incumbent=- node_bound=24.5 depth=22 gap=-1 t=456.744s (lp 241.386 cuts 31.0813 heur 153.071 branch 8.49201)
[bb] nodes=129000 open=61185 incumbent=- node_bound=24.5 depth=22 gap=-1 t=459.115s (lp 242.705 cuts 31.2226 heur 153.837 branch 8.51471)
[bb] nodes=129500 open=61389 incumbent=- node_bound=31.6667 depth=30 gap=-1 t=462.385s (lp 244.405 cuts 31.4169 heur 154.925 branch 8.55209)
[bb] nodes=130000 open=61615 incumbent=- node_bound=26.5 depth=24 gap=-1 t=464.515s (lp 245.548 cuts 31.5564 heur 155.627 branch 8.57876)
[bb] nodes=130500 open=61823 incumbent=- node_bound=24.5 depth=17 gap=-1 t=466.552s (lp 246.605 cuts 31.6849 heur 156.343 branch 8.60079)
[bb] nodes=131000 open=62037 incumbent=- node_bound=24.5 depth=24 gap=-1 t=468.599s (lp 247.699 cuts 31.8305 heur 157.014 branch 8.62434)
[bb] nodes=131500 open=62261 incumbent=- node_bound=24.5 depth=29 gap=-1 t=471.165s (lp 248.98 cuts 31.9953 heur 157.966 branch 8.66374)
[bb] nodes=132000 open=62503 incumbent=- node_bound=25 depth=16 gap=-1 t=473.142s (lp 250.032 cuts 32.1268 heur 158.64 branch 8.68614)
[bb] nodes=132500 open=62737 incumbent=- node_bound=24.5 depth=25 gap=-1 t=475.381s (lp 251.264 cuts 32.2627 heur 159.373 branch 8.7108)
[bb] nodes=133000 open=62947 incumbent=- node_bound=24.5 depth=14 gap=-1 t=477.842s (lp 252.586 cuts 32.4198 heur 160.185 branch 8.73445)
[bb] nodes=133500 open=63161 incumbent=- node_bound=25 depth=23 gap=-1 t=480.173s (lp 253.759 cuts 32.5746 heur 161.036 branch 8.75781)
[bb] nodes=134000 open=63391 incumbent=- node_bound=26.75 depth=20 gap=-1 t=482.207s (lp 254.906 cuts 32.7102 heur 161.648 branch 8.77744)
[bb] nodes=134500 open=63617 incumbent=- node_bound=25.5 depth=27 gap=-1 t=484.188s (lp 255.929 cuts 32.8467 heur 162.346 branch 8.79998)
[bb] nodes=135000 open=63899 incumbent=- node_bound=27.5 depth=32 gap=-1 t=486.615s (lp 257.214 cuts 33.016 heur 163.176 branch 8.82285)
[bb] nodes=135500 open=64133 incumbent=- node_bound=26.5 depth=22 gap=-1 t=488.676s (lp 258.345 cuts 33.1586 heur 163.835 branch 8.84736)
[bb] nodes=136000 open=64359 incumbent=- node_bound=24.5 depth=21 gap=-1 t=491.095s (lp 259.591 cuts 33.3287 heur 164.671 branch 8.875)
[bb] nodes=136500 open=64619 incumbent=- node_bound=25 depth=17 gap=-1 t=493.343s (lp 260.843 cuts 33.4719 heur 165.364 branch 8.89749)
[bb] nodes=137000 open=64879 incumbent=- node_bound=26 depth=24 gap=-1 t=495.4s (lp 261.931 cuts 33.6089 heur 166.072 branch 8.92103)
[bb] nodes=137500 open=65087 incumbent=- node_bound=25.5 depth=20 gap=-1 t=497.998s (lp 263.279 cuts 33.7819 heur 166.983 branch 8.95111)
[bb] nodes=138000 open=65353 incumbent=- node_bound=24.5 depth=24 gap=-1 t=500.399s (lp 264.461 cuts 33.9378 heur 167.896 branch 8.97617)
[bb] nodes=138500 open=65609 incumbent=- node_bound=26 depth=31 gap=-1 t=502.428s (lp 265.548 cuts 34.0869 heur 168.548 branch 8.99937)
[bb] nodes=139000 open=65905 incumbent=- node_bound=24.8333 depth=24 gap=-1 t=504.879s (lp 266.866 cuts 34.2928 heur 169.338 branch 9.02413)
[bb] nodes=139500 open=66189 incumbent=- node_bound=29 depth=30 gap=-1 t=507.592s (lp 268.239 cuts 34.4713 heur 170.324 branch 9.0545)
[bb] nodes=140000 open=66459 incumbent=- node_bound=24.5 depth=25 gap=-1 t=510.758s (lp 269.849 cuts 34.6744 heur 171.471 branch 9.09816)
[bb] nodes=140500 open=66779 incumbent=- node_bound=26 depth=23 gap=-1 t=513.798s (lp 271.446 cuts 34.8759 heur 172.514 branch 9.13516)
[bb] nodes=141000 open=67051 incumbent=- node_bound=24.5 depth=18 gap=-1 t=516.597s (lp 272.813 cuts 35.0494 heur 173.607 branch 9.1656)
[bb] nodes=141500 open=67359 incumbent=- node_bound=24.5 depth=23 gap=-1 t=520.474s (lp 274.804 cuts 35.3531 heur 174.955 branch 9.21593)
[bb] nodes=142000 open=67649 incumbent=- node_bound=25.5 depth=22 gap=-1 t=524.362s (lp 276.885 cuts 35.5815 heur 176.236 branch 9.29059)
[bb] nodes=142500 open=67953 incumbent=- node_bound=24.5 depth=18 gap=-1 t=527.036s (lp 278.362 cuts 35.7945 heur 177.047 branch 9.3186)
[bb] nodes=143000 open=68251 incumbent=- node_bound=25.5 depth=31 gap=-1 t=529.681s (lp 279.711 cuts 35.9554 heur 178.017 branch 9.35045)
[bb] nodes=143500 open=68529 incumbent=- node_bound=24.5 depth=25 gap=-1 t=534.079s (lp 282.119 cuts 36.2776 heur 179.388 branch 9.41208)
[bb] nodes=144000 open=68839 incumbent=- node_bound=25.5 depth=31 gap=-1 t=537.308s (lp 283.742 cuts 36.4975 heur 180.555 branch 9.44539)
[bb] nodes=144500 open=69143 incumbent=- node_bound=25 depth=34 gap=-1 t=539.862s (lp 285.151 cuts 36.6801 heur 181.333 branch 9.47962)
[bb] nodes=145000 open=69447 incumbent=- node_bound=27.0333 depth=22 gap=-1 t=542.791s (lp 286.617 cuts 36.8948 heur 182.39 branch 9.528)
[bb] nodes=145500 open=69701 incumbent=- node_bound=25.1667 depth=26 gap=-1 t=545.684s (lp 288.209 cuts 37.096 heur 183.328 branch 9.55784)
[bb] nodes=146000 open=69987 incumbent=- node_bound=28.3333 depth=34 gap=-1 t=548.771s (lp 289.846 cuts 37.3272 heur 184.311 branch 9.59343)
[bb] nodes=146500 open=70251 incumbent=- node_bound=24.6667 depth=21 gap=-1 t=551.757s (lp 291.406 cuts 37.5152 heur 185.358 branch 9.62985)
[bb] nodes=147000 open=70509 incumbent=- node_bound=27 depth=36 gap=-1 t=554.508s (lp 292.877 cuts 37.7037 heur 186.267 branch 9.66485)
[bb] nodes=147500 open=70741 incumbent=- node_bound=24.6667 depth=16 gap=-1 t=557.362s (lp 294.3 cuts 37.8758 heur 187.315 branch 9.69916)
[bb] nodes=148000 open=71003 incumbent=- node_bound=24.6667 depth=26 gap=-1 t=560.352s (lp 295.87 cuts 38.0919 heur 188.317 branch 9.73228)
[bb] nodes=148500 open=71277 incumbent=- node_bound=26.3333 depth=27 gap=-1 t=564.191s (lp 297.844 cuts 38.3338 heur 189.725 branch 9.77671)
[bb] nodes=149000 open=71541 incumbent=- node_bound=25.3333 depth=21 gap=-1 t=567.058s (lp 299.457 cuts 38.5335 heur 190.59 branch 9.80664)
[bb] nodes=149500 open=71829 incumbent=- node_bound=24.75 depth=20 gap=-1 t=569.214s (lp 300.652 cuts 38.6729 heur 191.277 branch 9.833)
[bb] nodes=150000 open=72147 incumbent=- node_bound=26 depth=26 gap=-1 t=571.512s (lp 301.898 cuts 38.8237 heur 192.052 branch 9.85977)
[bb] nodes=150500 open=72421 incumbent=- node_bound=24.8 depth=24 gap=-1 t=573.975s (lp 303.26 cuts 38.9866 heur 192.839 branch 9.89005)
[bb] nodes=151000 open=72707 incumbent=- node_bound=25.8333 depth=22 gap=-1 t=576.275s (lp 304.451 cuts 39.1408 heur 193.665 branch 9.91309)
[bb] nodes=151500 open=73035 incumbent=- node_bound=27 depth=26 gap=-1 t=578.928s (lp 305.858 cuts 39.3633 heur 194.537 branch 9.93772)
[bb] nodes=152000 open=73325 incumbent=- node_bound=27.2 depth=26 gap=-1 t=581.008s (lp 306.99 cuts 39.513 heur 195.206 branch 9.96087)
[bb] nodes=152500 open=73565 incumbent=- node_bound=25 depth=18 gap=-1 t=583.245s (lp 308.129 cuts 39.7275 heur 195.941 branch 9.98183)
[bb] nodes=153000 open=73683 incumbent=- node_bound=25 depth=17 gap=-1 t=585.291s (lp 309.189 cuts 39.8559 heur 196.659 branch 10.0025)
[bb] nodes=153500 open=73875 incumbent=- node_bound=25 depth=20 gap=-1 t=587.47s (lp 310.335 cuts 40.0133 heur 197.4 branch 10.0266)
[bb] nodes=154000 open=74037 incumbent=- node_bound=26 depth=27 gap=-1 t=589.425s (lp 311.364 cuts 40.142 heur 198.087 branch 10.0449)
[bb] nodes=154500 open=74173 incumbent=- node_bound=27 depth=26 gap=-1 t=591.519s (lp 312.435 cuts 40.2671 heur 198.854 branch 10.0619)
[bb] nodes=155000 open=74337 incumbent=- node_bound=26 depth=21 gap=-1 t=594.706s (lp 314.178 cuts 40.4631 heur 199.903 branch 10.0866)
[bb] nodes=155500 open=74469 incumbent=- node_bound=25 depth=23 gap=-1 t=597.045s (lp 315.358 cuts 40.6113 heur 200.745 branch 10.1074)
[bb] nodes=156000 open=74605 incumbent=- node_bound=25 depth=18 gap=-1 t=599.164s (lp 316.493 cuts 40.7375 heur 201.468 branch 10.1245)
