[bb] nodes=1 open=0 incumbent=- node_bound=-inf depth=0 gap=-1 t=0.0002176s (lp 0 cuts 0 heur 0 branch 0)
[bb] nodes=2 open=1 incumbent=2016.000000 node_bound=556.02 depth=1 gap=0.724196 t=0.105028s (lp 0.0121502 cuts 0.0045241 heur 0.012243 branch 0.0753423)
[bb] nodes=3 open=2 incumbent=2016.000000 node_bound=578.88 depth=2 gap=0.712857 t=0.17159s (lp 0.0161935 cuts 0.0082342 heur 0.012731 branch 0.133191)
[bb] nodes=4 open=3 incumbent=1980.000000 node_bound=626.41 depth=3 gap=0.683631 t=0.238765s (lp 0.0211017 cuts 0.0126017 heur 0.0254835 branch 0.177868)
[bb] nodes=5 open=4 incumbent=1980.000000 node_bound=640.72 depth=4 gap=0.676404 t=0.288813s (lp 0.0252253 cuts 0.0171826 heur 0.0260241 branch 0.218226)
[bb] nodes=6 open=5 incumbent=1980.000000 node_bound=656.18 depth=5 gap=0.668596 t=0.344061s (lp 0.0301047 cuts 0.0216308 heur 0.0265121 branch 0.263192)
[bb] nodes=7 open=6 incumbent=1980.000000 node_bound=659.77 depth=6 gap=0.666783 t=0.406795s (lp 0.0343807 cuts 0.0251232 heur 0.0276504 branch 0.316587)
[bb] nodes=8 open=7 incumbent=1980.000000 node_bound=679.95 depth=7 gap=0.656591 t=0.475309s (lp 0.0383516 cuts 0.0303317 heur 0.0281221 branch 0.374805)
[bb] nodes=9 open=8 incumbent=1980.000000 node_bound=696.94 depth=8 gap=0.64801 t=0.541936s (lp 0.0415268 cuts 0.03425 heur 0.0286006 branch 0.432523)
[bb] nodes=10 open=7 incumbent=1980.000000 node_bound=556.02 depth=1 gap=0.719182 t=0.543614s (lp 0.0428118 cuts 0.03425 heur 0.0286006 branch 0.432523)
[bb] nodes=11 open=8 incumbent=1980.000000 node_bound=600.61 depth=2 gap=0.696662 t=0.603667s (lp 0.0472461 cuts 0.0393285 heur 0.0294778 branch 0.481483)
[bb] nodes=12 open=9 incumbent=1980.000000 node_bound=623.82 depth=3 gap=0.684939 t=0.661023s (lp 0.0529435 cuts 0.0433634 heur 0.0300017 branch 0.528068)
[bb] nodes=13 open=10 incumbent=1980.000000 node_bound=640.29 depth=4 gap=0.676621 t=0.710858s (lp 0.0563319 cuts 0.0471542 heur 0.0304594 branch 0.569838)
[bb] nodes=14 open=11 incumbent=1980.000000 node_bound=644.58 depth=5 gap=0.674455 t=0.764773s (lp 0.0608278 cuts 0.051844 heur 0.0309109 branch 0.613636)
[bb] nodes=15 open=12 incumbent=1980.000000 node_bound=665.48 depth=6 gap=0.663899 t=0.828565s (lp 0.0648548 cuts 0.0550723 heur 0.0313418 branch 0.669272)
[bb] nodes=16 open=13 incumbent=1980.000000 node_bound=691.3 depth=7 gap=0.650859 t=0.884527s (lp 0.0694128 cuts 0.059651 heur 0.0318173 branch 0.715156)
[bb] nodes=17 open=14 incumbent=1980.000000 node_bound=720.46 depth=8 gap=0.636131 t=0.943741s (lp 0.073519 cuts 0.0638818 heur 0.0322655 branch 0.765065)
[bb] nodes=18 open=15 incumbent=1980.000000 node_bound=752.72 depth=9 gap=0.619838 t=1.00366s (lp 0.0793082 cuts 0.0686816 heur 0.0327342 branch 0.813269)
[bb] nodes=19 open=16 incumbent=1980.000000 node_bound=789.95 depth=10 gap=0.601035 t=1.07777s (lp 0.0834301 cuts 0.0734499 heur 0.0334025 branch 0.876681)
[bb] nodes=20 open=17 incumbent=1980.000000 node_bound=836.43 depth=11 gap=0.577561 t=1.17764s (lp 0.0925163 cuts 0.0811125 heur 0.0338885 branch 0.958485)
[bb] nodes=500 open=365 incumbent=1897.000000 node_bound=851.76 depth=13 gap=0.550996 t=9.8466s (lp 1.95365 cuts 1.9801 heur 0.289111 branch 5.40826)
[bb] nodes=1000 open=699 incumbent=1897.000000 node_bound=784.54 depth=10 gap=0.586431 t=15.1254s (lp 3.74586 cuts 3.79024 heur 0.550774 branch 6.64298)
[bb] nodes=1500 open=1115 incumbent=1897.000000 node_bound=957.01 depth=22 gap=0.495514 t=20.3657s (lp 5.60228 cuts 5.72966 heur 0.800506 branch 7.66999)
[bb] nodes=2000 open=1551 incumbent=1897.000000 node_bound=1182.96 depth=29 gap=0.376405 t=25.1727s (lp 7.48685 cuts 7.68854 heur 1.04956 branch 8.21667)
[bb] nodes=2500 open=1983 incumbent=1897.000000 node_bound=772.19 depth=12 gap=0.592941 t=29.8915s (lp 9.45769 cuts 9.66809 heur 1.32347 branch 8.54228)
[bb] nodes=3000 open=2427 incumbent=1897.000000 node_bound=1149.01 depth=31 gap=0.394302 t=34.5003s (lp 11.3894 cuts 11.6673 heur 1.59611 branch 8.77792)
[bb] nodes=3500 open=2861 incumbent=1897.000000 node_bound=780.51 depth=10 gap=0.588556 t=39.0609s (lp 13.2857 cuts 13.6544 heur 1.85437 branch 9.02731)
[bb] nodes=4000 open=3329 incumbent=1897.000000 node_bound=1492.08 depth=47 gap=0.213453 t=44.101s (lp 15.3862 cuts 15.8732 heur 2.15159 branch 9.25875)
[bb] nodes=4500 open=3793 incumbent=1897.000000 node_bound=1267.38 depth=34 gap=0.331903 t=48.7071s (lp 17.3639 cuts 17.9515 heur 2.41877 branch 9.37157)
[bb] nodes=5000 open=4261 incumbent=1897.000000 node_bound=1070.44 depth=19 gap=0.43572 t=53.4301s (lp 19.3796 cuts 20.0315 heur 2.70222 branch 9.55115)
[bb] nodes=5500 open=4725 incumbent=1897.000000 node_bound=789.95 depth=10 gap=0.583579 t=58.6395s (lp 21.5323 cuts 22.2551 heur 3.02858 branch 9.86982)
[bb] nodes=6000 open=5189 incumbent=1897.000000 node_bound=985.48 depth=16 gap=0.480506 t=63.0817s (lp 23.4486 cuts 24.2923 heur 3.29251 branch 9.93107)
[bb] nodes=6500 open=5649 incumbent=1897.000000 node_bound=813.08 depth=12 gap=0.571386 t=67.6228s (lp 25.3932 cuts 26.3459 heur 3.55762 branch 10.0497)
[bb] nodes=7000 open=6107 incumbent=1897.000000 node_bound=795.79 depth=9 gap=0.580501 t=72.2641s (lp 27.4073 cuts 28.4627 heur 3.82904 branch 10.1149)
[bb] nodes=7500 open=6575 incumbent=1897.000000 node_bound=1041.29 depth=31 gap=0.451086 t=76.898s (lp 29.4058 cuts 30.5574 heur 4.10377 branch 10.2083)
[bb] nodes=8000 open=7041 incumbent=1897.000000 node_bound=1385.71 depth=47 gap=0.269526 t=81.537s (lp 31.4302 cuts 32.6817 heur 4.3836 branch 10.2463)
[bb] nodes=8500 open=7503 incumbent=1897.000000 node_bound=971.14 depth=18 gap=0.488065 t=86.238s (lp 33.4427 cuts 34.8045 heur 4.66428 branch 10.3495)
[bb] nodes=9000 open=7965 incumbent=1897.000000 node_bound=1073.3 depth=22 gap=0.434212 t=90.915s (lp 35.4888 cuts 36.9322 heur 4.94891 branch 10.3922)
[bb] nodes=9500 open=8427 incumbent=1897.000000 node_bound=859.51 depth=12 gap=0.546911 t=95.408s (lp 37.4462 cuts 38.9905 heur 5.21856 branch 10.437)
[bb] nodes=10000 open=8893 incumbent=1897.000000 node_bound=1364.75 depth=38 gap=0.280575 t=100.227s (lp 39.5289 cuts 41.2038 heur 5.51682 branch 10.479)
[bb] nodes=10500 open=9353 incumbent=1897.000000 node_bound=1197.33 depth=37 gap=0.36883 t=104.692s (lp 41.4659 cuts 43.255 heur 5.78008 branch 10.5309)
[bb] nodes=11000 open=9817 incumbent=1897.000000 node_bound=1048.87 depth=33 gap=0.44709 t=109.165s (lp 43.4132 cuts 45.2826 heur 6.04597 branch 10.5915)
[bb] nodes=11500 open=10281 incumbent=1897.000000 node_bound=807.78 depth=9 gap=0.57418 t=113.725s (lp 45.4147 cuts 47.3445 heur 6.32556 branch 10.6465)
[bb] nodes=12000 open=10747 incumbent=1897.000000 node_bound=1369.95 depth=39 gap=0.277833 t=118.21s (lp 47.3898 cuts 49.3895 heur 6.585 branch 10.6859)
[bb] nodes=12500 open=11209 incumbent=1897.000000 node_bound=873.77 depth=14 gap=0.539394 t=122.654s (lp 49.3184 cuts 51.4481 heur 6.84763 branch 10.7235)
[bb] nodes=13000 open=11675 incumbent=1897.000000 node_bound=811.13 depth=14 gap=0.572414 t=127.126s (lp 51.2648 cuts 53.4686 heur 7.12022 branch 10.7909)
[bb] nodes=13500 open=12139 incumbent=1897.000000 node_bound=1011.88 depth=23 gap=0.466589 t=131.599s (lp 53.2248 cuts 55.5116 heur 7.38182 branch 10.831)
[bb] nodes=14000 open=12597 incumbent=1897.000000 node_bound=988.74 depth=23 gap=0.478788 t=136.219s (lp 55.1983 cuts 57.6055 heur 7.65712 branch 10.9388)
[bb] nodes=14500 open=13063 incumbent=1897.000000 node_bound=1293.31 depth=43 gap=0.318234 t=140.665s (lp 57.1198 cuts 59.6311 heur 7.92995 branch 11.0011)
[bb] nodes=15000 open=13519 incumbent=1897.000000 node_bound=991.09 depth=26 gap=0.477549 t=145.434s (lp 59.1956 cuts 61.8456 heur 8.19381 branch 11.0388)
[bb] nodes=15500 open=13985 incumbent=1897.000000 node_bound=987.69 depth=21 gap=0.479341 t=150.206s (lp 61.2712 cuts 64.0148 heur 8.46857 branch 11.114)
[bb] nodes=16000 open=14447 incumbent=1897.000000 node_bound=924.53 depth=18 gap=0.512636 t=156.057s (lp 63.7737 cuts 66.725 heur 8.81082 branch 11.1769)
[bb] nodes=16500 open=14911 incumbent=1897.000000 node_bound=1359.65 depth=40 gap=0.283263 t=164.295s (lp 67.1848 cuts 70.6203 heur 9.3053 branch 11.2386)
[bb] nodes=17000 open=15371 incumbent=1897.000000 node_bound=1089.97 depth=25 gap=0.425424 t=175.369s (lp 71.7229 cuts 75.8903 heur 9.9659 branch 11.375)
[bb] nodes=17500 open=15839 incumbent=1897.000000 node_bound=1135.08 depth=28 gap=0.401645 t=180.64s (lp 73.9526 cuts 78.3698 heur 10.275 branch 11.4362)
[bb] nodes=18000 open=16305 incumbent=1897.000000 node_bound=1101.63 depth=26 gap=0.419278 t=185.095s (lp 75.831 cuts 80.4928 heur 10.5291 branch 11.482)
[bb] nodes=18500 open=16771 incumbent=1897.000000 node_bound=1129.05 depth=24 gap=0.404823 t=189.214s (lp 77.5942 cuts 82.3962 heur 10.7563 branch 11.5687)
[bb] nodes=19000 open=17233 incumbent=1897.000000 node_bound=1066.06 depth=19 gap=0.438028 t=193.084s (lp 79.2798 cuts 84.1966 heur 10.9764 branch 11.6039)
[bb] nodes=19500 open=17701 incumbent=1897.000000 node_bound=923.43 depth=17 gap=0.513216 t=197.128s (lp 81.0337 cuts 86.0449 heur 11.2015 branch 11.6479)
[bb] nodes=20000 open=18171 incumbent=1897.000000 node_bound=972.07 depth=19 gap=0.487575 t=200.872s (lp 82.6628 cuts 87.7834 heur 11.4166 branch 11.6832)
[bb] nodes=20500 open=18641 incumbent=1897.000000 node_bound=926.17 depth=18 gap=0.511771 t=204.744s (lp 84.3562 cuts 89.5682 heur 11.6341 branch 11.7268)
[bb] nodes=21000 open=19107 incumbent=1897.000000 node_bound=1434.12 depth=40 gap=0.244006 t=208.463s (lp 85.9921 cuts 91.2936 heur 11.8442 branch 11.7533)
[bb] nodes=21500 open=19571 incumbent=1897.000000 node_bound=918.54 depth=18 gap=0.515793 t=212.223s (lp 87.5997 cuts 93.0511 heur 12.0594 branch 11.8088)
[bb] nodes=22000 open=20037 incumbent=1897.000000 node_bound=1258.96 depth=38 gap=0.336342 t=215.897s (lp 89.1653 cuts 94.7664 heur 12.2734 branch 11.8727)
[bb] nodes=22500 open=20503 incumbent=1897.000000 node_bound=937.62 depth=20 gap=0.505735 t=219.617s (lp 90.7483 cuts 96.5004 heur 12.4804 branch 11.9485)
[bb] nodes=23000 open=20973 incumbent=1897.000000 node_bound=1040.49 depth=29 gap=0.451508 t=223.267s (lp 92.3479 cuts 98.19 heur 12.69 branch 11.9794)
[bb] nodes=23500 open=21441 incumbent=1897.000000 node_bound=1220.02 depth=27 gap=0.356869 t=226.945s (lp 93.9606 cuts 99.8892 heur 12.9011 branch 12.0139)
[bb] nodes=24000 open=21907 incumbent=1897.000000 node_bound=992.66 depth=20 gap=0.476721 t=230.608s (lp 95.5475 cuts 101.617 heur 13.1056 branch 12.0398)
[bb] nodes=24500 open=22371 incumbent=1897.000000 node_bound=1247.2 depth=47 gap=0.342541 t=234.221s (lp 97.1263 cuts 103.281 heur 13.3108 branch 12.0887)
[bb] nodes=25000 open=22839 incumbent=1897.000000 node_bound=1253.16 depth=45 gap=0.339399 t=237.856s (lp 98.6986 cuts 104.952 heur 13.5243 branch 12.1459)
[bb] nodes=25500 open=23307 incumbent=1897.000000 node_bound=869.68 depth=13 gap=0.54155 t=241.509s (lp 100.274 cuts 106.647 heur 13.7261 branch 12.208)
[bb] nodes=26000 open=23769 incumbent=1897.000000 node_bound=1034.14 depth=18 gap=0.454855 t=245.131s (lp 101.857 cuts 108.333 heur 13.9318 branch 12.2371)
[bb] nodes=26500 open=24231 incumbent=1897.000000 node_bound=881.72 depth=14 gap=0.535203 t=248.741s (lp 103.43 cuts 109.997 heur 14.1385 branch 12.2835)
[bb] nodes=27000 open=24697 incumbent=1897.000000 node_bound=1145.41 depth=29 gap=0.396199 t=252.332s (lp 105 cuts 111.642 heur 14.3446 branch 12.3368)
[bb] nodes=27500 open=25159 incumbent=1888.000000 node_bound=1033.32 depth=25 gap=0.452691 t=255.891s (lp 106.559 cuts 113.275 heur 14.5623 branch 12.3683)
[bb] nodes=28000 open=25627 incumbent=1888.000000 node_bound=945.44 depth=16 gap=0.499237 t=259.504s (lp 108.127 cuts 114.962 heur 14.773 branch 12.3997)
[bb] nodes=28500 open=26095 incumbent=1888.000000 node_bound=1462.58 depth=43 gap=0.225328 t=263.06s (lp 109.686 cuts 116.606 heur 14.9747 branch 12.4355)
[bb] nodes=29000 open=26561 incumbent=1888.000000 node_bound=988.5 depth=20 gap=0.47643 t=266.767s (lp 111.293 cuts 118.333 heur 15.1842 branch 12.4776)
[bb] nodes=29500 open=27019 incumbent=1888.000000 node_bound=971.15 depth=23 gap=0.48562 t=270.359s (lp 112.853 cuts 119.984 heur 15.391 branch 12.5338)
[bb] nodes=30000 open=27485 incumbent=1888.000000 node_bound=939.5 depth=17 gap=0.502383 t=273.96s (lp 114.418 cuts 121.657 heur 15.5903 branch 12.5792)
[bb] nodes=30500 open=27949 incumbent=1888.000000 node_bound=1002.4 depth=20 gap=0.469068 t=277.577s (lp 115.962 cuts 123.32 heur 15.7968 branch 12.6445)
[bb] nodes=31000 open=28411 incumbent=1888.000000 node_bound=933.21 depth=19 gap=0.505715 t=281.162s (lp 117.518 cuts 124.982 heur 16.0032 branch 12.6864)
[bb] nodes=31500 open=28875 incumbent=1888.000000 node_bound=1131.1 depth=23 gap=0.4009 t=284.732s (lp 119.071 cuts 126.612 heur 16.2033 branch 12.7524)
[bb] nodes=32000 open=29343 incumbent=1888.000000 node_bound=1437.47 depth=45 gap=0.238628 t=288.371s (lp 120.644 cuts 128.283 heur 16.418 branch 12.8111)
[bb] nodes=32500 open=29801 incumbent=1888.000000 node_bound=937.82 depth=16 gap=0.503273 t=291.893s (lp 122.182 cuts 129.902 heur 16.6222 branch 12.8552)
[bb] nodes=33000 open=30271 incumbent=1888.000000 node_bound=1353 depth=44 gap=0.283369 t=295.458s (lp 123.734 cuts 131.552 heur 16.8211 branch 12.9038)
[bb] nodes=33500 open=30739 incumbent=1888.000000 node_bound=1259.41 depth=30 gap=0.33294 t=299.02s (lp 125.291 cuts 133.192 heur 17.0279 branch 12.9452)
[bb] nodes=34000 open=31205 incumbent=1888.000000 node_bound=1183.74 depth=38 gap=0.373019 t=302.594s (lp 126.851 cuts 134.831 heur 17.2347 branch 12.9943)
[bb] nodes=34500 open=31665 incumbent=1888.000000 node_bound=1353.05 depth=45 gap=0.283342 t=306.352s (lp 128.478 cuts 136.58 heur 17.4404 branch 13.044)
[bb] nodes=35000 open=32133 incumbent=1888.000000 node_bound=1052.6 depth=29 gap=0.442479 t=310.289s (lp 130.212 cuts 138.394 heur 17.6628 branch 13.0872)
[bb] nodes=35500 open=32599 incumbent=1888.000000 node_bound=1056.9 depth=21 gap=0.440201 t=313.934s (lp 131.793 cuts 140.059 heur 17.8804 branch 13.1519)
[bb] nodes=36000 open=33065 incumbent=1888.000000 node_bound=909.04 depth=15 gap=0.518517 t=317.571s (lp 133.362 cuts 141.746 heur 18.0826 branch 13.2067)
[bb] nodes=36500 open=33535 incumbent=1888.000000 node_bound=1112.68 depth=33 gap=0.410657 t=321.304s (lp 134.979 cuts 143.478 heur 18.2931 branch 13.2567)
[bb] nodes=37000 open=33999 incumbent=1888.000000 node_bound=1300.02 depth=45 gap=0.31143 t=324.872s (lp 136.538 cuts 145.115 heur 18.4962 branch 13.3065)
[bb] nodes=37500 open=34463 incumbent=1888.000000 node_bound=1190.21 depth=32 gap=0.369592 t=328.426s (lp 138.08 cuts 146.761 heur 18.697 branch 13.352)
[bb] nodes=38000 open=34929 incumbent=1888.000000 node_bound=1417.49 depth=43 gap=0.249211 t=331.98s (lp 139.627 cuts 148.384 heur 18.897 branch 13.4197)
[bb] nodes=38500 open=35395 incumbent=1888.000000 node_bound=1112.7 depth=34 gap=0.410646 t=335.588s (lp 141.166 cuts 150.056 heur 19.1056 branch 13.4879)
[bb] nodes=39000 open=35861 incumbent=1888.000000 node_bound=1395.95 depth=39 gap=0.26062 t=339.147s (lp 142.704 cuts 151.691 heur 19.3044 branch 13.5599)
[bb] nodes=39500 open=36329 incumbent=1888.000000 node_bound=1174.09 depth=26 gap=0.37813 t=342.652s (lp 144.222 cuts 153.309 heur 19.5022 branch 13.6185)
[bb] nodes=40000 open=36793 incumbent=1888.000000 node_bound=902.03 depth=18 gap=0.52223 t=346.135s (lp 145.728 cuts 154.921 heur 19.7026 branch 13.6709)
[bb] nodes=40500 open=37261 incumbent=1888.000000 node_bound=1232.38 depth=42 gap=0.347256 t=349.678s (lp 147.257 cuts 156.57 heur 19.8969 branch 13.7247)
[bb] nodes=41000 open=37725 incumbent=1888.000000 node_bound=1202.42 depth=34 gap=0.363125 t=353.177s (lp 148.752 cuts 158.2 heur 20.0937 branch 13.7876)
[bb] nodes=41500 open=38195 incumbent=1888.000000 node_bound=1251.49 depth=41 gap=0.337135 t=356.673s (lp 150.26 cuts 159.819 heur 20.2941 branch 13.841)
[bb] nodes=42000 open=38661 incumbent=1888.000000 node_bound=1268.31 depth=39 gap=0.328226 t=360.155s (lp 151.759 cuts 161.429 heur 20.491 branch 13.906)
[bb] nodes=42500 open=39129 incumbent=1888.000000 node_bound=1091.15 depth=31 gap=0.42206 t=363.68s (lp 153.271 cuts 163.065 heur 20.6939 branch 13.9632)
[bb] nodes=43000 open=39595 incumbent=1888.000000 node_bound=1112.49 depth=35 gap=0.410757 t=367.187s (lp 154.781 cuts 164.684 heur 20.9009 branch 14.0188)
[bb] nodes=43500 open=40063 incumbent=1888.000000 node_bound=984.2 depth=19 gap=0.478708 t=370.69s (lp 156.296 cuts 166.295 heur 21.0986 branch 14.0804)
[bb] nodes=44000 open=40533 incumbent=1888.000000 node_bound=1313.83 depth=38 gap=0.304115 t=374.14s (lp 157.777 cuts 167.893 heur 21.2977 branch 14.1436)
[bb] nodes=44500 open=40999 incumbent=1888.000000 node_bound=1136.46 depth=30 gap=0.398061 t=377.607s (lp 159.27 cuts 169.501 heur 21.4974 branch 14.1952)
[bb] nodes=45000 open=41467 incumbent=1888.000000 node_bound=1314.03 depth=40 gap=0.30401 t=381.085s (lp 160.769 cuts 171.117 heur 21.6892 branch 14.2539)
[bb] nodes=45500 open=41933 incumbent=1888.000000 node_bound=1179.97 depth=29 gap=0.375016 t=384.565s (lp 162.275 cuts 172.719 heur 21.8877 branch 14.3136)
[bb] nodes=46000 open=42399 incumbent=1888.000000 node_bound=1311.12 depth=45 gap=0.305551 t=388.03s (lp 163.772 cuts 174.325 heur 22.0862 branch 14.3655)
[bb] nodes=46500 open=42869 incumbent=1888.000000 node_bound=1437.31 depth=46 gap=0.238713 t=391.525s (lp 165.281 cuts 175.938 heur 22.2803 branch 14.4324)
[bb] nodes=47000 open=43335 incumbent=1888.000000 node_bound=1022.03 depth=24 gap=0.458671 t=395s (lp 166.782 cuts 177.554 heur 22.4791 branch 14.4771)
[bb] nodes=47500 open=43797 incumbent=1888.000000 node_bound=851.27 depth=13 gap=0.549115 t=398.491s (lp 168.293 cuts 179.153 heur 22.6821 branch 14.5419)
[bb] nodes=48000 open=44265 incumbent=1888.000000 node_bound=1220.77 depth=38 gap=0.353406 t=401.942s (lp 169.784 cuts 180.755 heur 22.8715 branch 14.6007)
[bb] nodes=48500 open=44731 incumbent=1888.000000 node_bound=908.83 depth=17 gap=0.518628 t=405.487s (lp 171.308 cuts 182.409 heur 23.0711 branch 14.6527)
[bb] nodes=49000 open=45197 incumbent=1888.000000 node_bound=929.61 depth=18 gap=0.507622 t=409.192s (lp 172.899 cuts 184.094 heur 23.3116 branch 14.7075)
[bb] nodes=49500 open=45665 incumbent=1888.000000 node_bound=962.2 depth=18 gap=0.49036 t=412.703s (lp 174.401 cuts 185.722 heur 23.5096 branch 14.7723)
[bb] nodes=50000 open=46133 incumbent=1888.000000 node_bound=1253.49 depth=34 gap=0.336075 t=416.127s (lp 175.882 cuts 187.309 heur 23.7029 branch 14.8206)
[bb] nodes=50500 open=46599 incumbent=1888.000000 node_bound=913.13 depth=19 gap=0.516351 t=419.57s (lp 177.363 cuts 188.9 heur 23.9058 branch 14.875)
[bb] nodes=51000 open=47065 incumbent=1888.000000 node_bound=1154.2 depth=25 gap=0.388665 t=423.08s (lp 178.877 cuts 190.531 heur 24.1005 branch 14.9312)
[bb] nodes=51500 open=47529 incumbent=1888.000000 node_bound=1057.57 depth=25 gap=0.439846 t=426.573s (lp 180.375 cuts 192.146 heur 24.2991 branch 14.9961)
[bb] nodes=52000 open=47993 incumbent=1888.000000 node_bound=1381.44 depth=44 gap=0.268305 t=430.023s (lp 181.847 cuts 193.74 heur 24.4943 branch 15.0742)
[bb] nodes=52500 open=48461 incumbent=1888.000000 node_bound=941.62 depth=16 gap=0.501261 t=433.45s (lp 183.323 cuts 195.334 heur 24.6862 branch 15.1253)
[bb] nodes=53000 open=48923 incumbent=1888.000000 node_bound=1007.86 depth=21 gap=0.466176 t=436.848s (lp 184.798 cuts 196.901 heur 24.8742 branch 15.183)
[bb] nodes=53500 open=49391 incumbent=1888.000000 node_bound=1463.66 depth=48 gap=0.224756 t=440.326s (lp 186.284 cuts 198.508 heur 25.0739 branch 15.2508)
[bb] nodes=54000 open=49865 incumbent=1888.000000 node_bound=1360.14 depth=44 gap=0.279587 t=443.782s (lp 187.794 cuts 200.122 heur 25.2697 branch 15.2741)
[bb] nodes=54500 open=50337 incumbent=1888.000000 node_bound=1110.77 depth=28 gap=0.411668 t=447.192s (lp 189.277 cuts 201.725 heur 25.4619 branch 15.2919)
[bb] nodes=55000 open=50809 incumbent=1888.000000 node_bound=989.72 depth=21 gap=0.475784 t=450.659s (lp 190.782 cuts 203.341 heur 25.6627 branch 15.3233)
[bb] nodes=55500 open=51281 incumbent=1888.000000 node_bound=1258.93 depth=35 gap=0.333194 t=454.793s (lp 192.55 cuts 205.293 heur 25.8985 branch 15.3516)
[bb] nodes=56000 open=51753 incumbent=1888.000000 node_bound=1108.59 depth=27 gap=0.412823 t=458.936s (lp 194.297 cuts 207.255 heur 26.1303 branch 15.4004)
[bb] nodes=56500 open=52225 incumbent=1888.000000 node_bound=983.29 depth=20 gap=0.47919 t=462.642s (lp 195.888 cuts 209.002 heur 26.3482 branch 15.421)
[bb] nodes=57000 open=52699 incumbent=1888.000000 node_bound=1388.24 depth=45 gap=0.264703 t=466.341s (lp 197.471 cuts 210.754 heur 26.561 branch 15.445)
[bb] nodes=57500 open=53169 incumbent=1888.000000 node_bound=857.32 depth=14 gap=0.545911 t=470.042s (lp 199.078 cuts 212.488 heur 26.7718 branch 15.4652)
[bb] nodes=58000 open=53643 incumbent=1888.000000 node_bound=1035.38 depth=21 gap=0.4516 t=473.708s (lp 200.661 cuts 214.214 heur 26.9841 branch 15.485)
[bb] nodes=58500 open=54117 incumbent=1888.000000 node_bound=958.61 depth=19 gap=0.492262 t=477.391s (lp 202.254 cuts 215.946 heur 27.1953 branch 15.5055)
[bb] nodes=59000 open=54591 incumbent=1888.000000 node_bound=1261.9 depth=36 gap=0.331621 t=481.099s (lp 203.848 cuts 217.701 heur 27.4025 branch 15.5323)
[bb] nodes=59500 open=55065 incumbent=1888.000000 node_bound=1639.38 depth=48 gap=0.131684 t=484.953s (lp 205.51 cuts 219.51 heur 27.6246 branch 15.5575)
[bb] nodes=60000 open=55535 incumbent=1853.000000 node_bound=1746 depth=64 gap=0.0577442 t=488.708s (lp 207.122 cuts 221.259 heur 27.8464 branch 15.6)
[bb] nodes=60500 open=56005 incumbent=1853.000000 node_bound=1525.72 depth=52 gap=0.176622 t=492.5s (lp 208.76 cuts 223.04 heur 28.0661 branch 15.6207)
[bb] nodes=61000 open=56479 incumbent=1853.000000 node_bound=1147.7 depth=39 gap=0.380626 t=496.162s (lp 210.343 cuts 224.757 heur 28.2804 branch 15.6444)
[bb] nodes=61500 open=56951 incumbent=1853.000000 node_bound=1023.46 depth=24 gap=0.447674 t=499.836s (lp 211.933 cuts 226.491 heur 28.488 branch 15.6638)
[bb] nodes=62000 open=57425 incumbent=1853.000000 node_bound=1595.87 depth=46 gap=0.138764 t=503.488s (lp 213.504 cuts 228.224 heur 28.6975 branch 15.6795)
[bb] nodes=62500 open=57897 incumbent=1853.000000 node_bound=1092.9 depth=27 gap=0.4102 t=507.15s (lp 215.085 cuts 229.945 heur 28.9112 branch 15.7038)
[bb] nodes=63000 open=58369 incumbent=1853.000000 node_bound=1132.25 depth=27 gap=0.388964 t=510.767s (lp 216.645 cuts 231.649 heur 29.1179 branch 15.7272)
[bb] nodes=63500 open=58841 incumbent=1853.000000 node_bound=1218.82 depth=39 gap=0.342245 t=514.38s (lp 218.204 cuts 233.35 heur 29.3259 branch 15.7465)
[bb] nodes=64000 open=59313 incumbent=1853.000000 node_bound=1161.44 depth=32 gap=0.373211 t=518.048s (lp 219.789 cuts 235.076 heur 29.5393 branch 15.7661)
[bb] nodes=64500 open=59785 incumbent=1853.000000 node_bound=1040.99 depth=30 gap=0.438214 t=521.735s (lp 221.39 cuts 236.808 heur 29.7475 branch 15.7862)
[bb] nodes=65000 open=60255 incumbent=1853.000000 node_bound=920.58 depth=18 gap=0.503195 t=525.364s (lp 222.967 cuts 238.511 heur 29.9522 branch 15.8106)
[bb] nodes=65500 open=60725 incumbent=1853.000000 node_bound=1225.53 depth=30 gap=0.338624 t=529.013s (lp 224.536 cuts 240.227 heur 30.1657 branch 15.8369)
[bb] nodes=66000 open=61193 incumbent=1853.000000 node_bound=900.2 depth=14 gap=0.514193 t=532.696s (lp 226.121 cuts 241.967 heur 30.3759 branch 15.8611)
[bb] nodes=66500 open=61665 incumbent=1853.000000 node_bound=1273.05 depth=36 gap=0.312979 t=536.347s (lp 227.681 cuts 243.682 heur 30.5829 branch 15.9098)
[bb] nodes=67000 open=62137 incumbent=1853.000000 node_bound=989.4 depth=21 gap=0.466055 t=539.97s (lp 229.261 cuts 245.373 heur 30.7953 branch 15.9257)
[bb] nodes=67500 open=62609 incumbent=1853.000000 node_bound=1069.86 depth=25 gap=0.422634 t=543.884s (lp 230.917 cuts 247.251 heur 31.0199 branch 15.9501)
[bb] nodes=68000 open=63079 incumbent=1853.000000 node_bound=1513.48 depth=51 gap=0.183227 t=547.468s (lp 232.471 cuts 248.944 heur 31.2218 branch 15.9651)
[bb] nodes=68500 open=63549 incumbent=1853.000000 node_bound=959.27 depth=19 gap=0.482315 t=551.067s (lp 234.025 cuts 250.639 heur 31.4312 branch 15.9876)
[bb] nodes=69000 open=64019 incumbent=1853.000000 node_bound=957.21 depth=17 gap=0.483427 t=554.627s (lp 235.556 cuts 252.315 heur 31.6337 branch 16.0193)
[bb] nodes=69500 open=64489 incumbent=1853.000000 node_bound=1238.29 depth=31 gap=0.331738 t=558.168s (lp 237.085 cuts 253.993 heur 31.8365 branch 16.0338)
[bb] nodes=70000 open=64963 incumbent=1853.000000 node_bound=1360.81 depth=43 gap=0.265618 t=561.738s (lp 238.64 cuts 255.661 heur 32.0429 branch 16.0562)
[bb] nodes=70500 open=65435 incumbent=1853.000000 node_bound=1322.3 depth=46 gap=0.2864 t=565.289s (lp 240.178 cuts 257.338 heur 32.2422 branch 16.0745)
[bb] nodes=71000 open=65903 incumbent=1853.000000 node_bound=1347.37 depth=36 gap=0.272871 t=568.877s (lp 241.721 cuts 259.031 heur 32.4454 branch 16.0968)
[bb] nodes=71500 open=66375 incumbent=1853.000000 node_bound=1375.45 depth=41 gap=0.257717 t=572.443s (lp 243.248 cuts 260.721 heur 32.65 branch 16.1221)
[bb] nodes=72000 open=66845 incumbent=1853.000000 node_bound=1026.21 depth=21 gap=0.44619 t=576.026s (lp 244.799 cuts 262.409 heur 32.8559 branch 16.1377)
[bb] nodes=72500 open=67313 incumbent=1853.000000 node_bound=1022.43 depth=24 gap=0.44823 t=579.647s (lp 246.365 cuts 264.112 heur 33.0632 branch 16.1613)
[bb] nodes=73000 open=67785 incumbent=1853.000000 node_bound=1027.64 depth=25 gap=0.445418 t=583.191s (lp 247.882 cuts 265.79 heur 33.2707 branch 16.18)
[bb] nodes=73500 open=68255 incumbent=1853.000000 node_bound=958.1 depth=16 gap=0.482947 t=586.71s (lp 249.397 cuts 267.453 heur 33.47 branch 16.2059)
[bb] nodes=74000 open=68725 incumbent=1853.000000 node_bound=1125.64 depth=30 gap=0.392531 t=590.267s (lp 250.937 cuts 269.123 heur 33.6771 branch 16.2249)
[bb] nodes=74500 open=69199 incumbent=1853.000000 node_bound=1349.41 depth=41 gap=0.27177 t=593.803s (lp 252.459 cuts 270.798 heur 33.8788 branch 16.2464)
[bb] nodes=75000 open=69667 incumbent=1853.000000 node_bound=1124.98 depth=32 gap=0.392887 t=597.32s (lp 253.973 cuts 272.464 heur 34.0795 branch 16.2627)
