[bb] nodes=1 open=0 incumbent=- node_bound=-inf depth=0 gap=-1 t=0.0006648s (lp 0 cuts 0 heur 0 branch 0)
[bb] nodes=2 open=1 incumbent=- node_bound=-11669.2 depth=1 gap=-1 t=0.602301s (lp 0.091815 cuts 0.107828 heur 0.355122 branch 0.0415613)
[bb] nodes=3 open=2 incumbent=- node_bound=-11586.4 depth=2 gap=-1 t=0.645666s (lp 0.0993893 cuts 0.107828 heur 0.356733 branch 0.0742738)
[bb] nodes=4 open=3 incumbent=- node_bound=-11520.2 depth=3 gap=-1 t=0.68503s (lp 0.104629 cuts 0.107829 heur 0.358256 branch 0.105761)
[bb] nodes=5 open=4 incumbent=- node_bound=-11462.3 depth=4 gap=-1 t=0.719871s (lp 0.111013 cuts 0.10783 heur 0.35961 branch 0.1315)
[bb] nodes=6 open=5 incumbent=- node_bound=-11411.6 depth=5 gap=-1 t=0.757572s (lp 0.116606 cuts 0.10783 heur 0.360814 branch 0.161087)
[bb] nodes=7 open=6 incumbent=- node_bound=-11379.6 depth=6 gap=-1 t=0.828946s (lp 0.122053 cuts 0.142694 heur 0.362257 branch 0.189556)
[bb] nodes=8 open=7 incumbent=- node_bound=-11340.3 depth=7 gap=-1 t=0.86864s (lp 0.128178 cuts 0.142694 heur 0.363513 branch 0.220759)
[bb] nodes=9 open=8 incumbent=- node_bound=-11287.9 depth=8 gap=-1 t=0.909135s (lp 0.136846 cuts 0.142695 heur 0.364737 branch 0.250152)
[bb] nodes=10 open=9 incumbent=- node_bound=-11241.8 depth=9 gap=-1 t=0.954029s (lp 0.143114 cuts 0.142695 heur 0.366645 branch 0.285006)
[bb] nodes=11 open=10 incumbent=- node_bound=-11191 depth=10 gap=-1 t=1.48112s (lp 0.149906 cuts 0.142696 heur 0.857031 branch 0.313154)
[bb] nodes=12 open=11 incumbent=- node_bound=-11141.3 depth=11 gap=-1 t=1.56529s (lp 0.155483 cuts 0.185596 heur 0.858429 branch 0.344972)
[bb] nodes=13 open=12 incumbent=- node_bound=-11108.6 depth=12 gap=-1 t=1.60128s (lp 0.161075 cuts 0.185596 heur 0.859603 branch 0.372951)
[bb] nodes=14 open=13 incumbent=- node_bound=-11050.9 depth=13 gap=-1 t=1.67259s (lp 0.166993 cuts 0.185597 heur 0.860947 branch 0.427388)
[bb] nodes=15 open=14 incumbent=- node_bound=-11009.7 depth=14 gap=-1 t=1.74514s (lp 0.193284 cuts 0.185597 heur 0.863828 branch 0.467522)
[bb] nodes=16 open=15 incumbent=- node_bound=-10968.5 depth=15 gap=-1 t=1.79458s (lp 0.200614 cuts 0.185598 heur 0.866542 branch 0.504708)
[bb] nodes=17 open=16 incumbent=- node_bound=-10934.2 depth=16 gap=-1 t=1.89359s (lp 0.209238 cuts 0.230171 heur 0.868712 branch 0.545898)
[bb] nodes=18 open=17 incumbent=- node_bound=-10894.3 depth=17 gap=-1 t=1.93903s (lp 0.216435 cuts 0.230171 heur 0.870917 branch 0.580579)
[bb] nodes=19 open=18 incumbent=- node_bound=-10861.1 depth=18 gap=-1 t=1.99049s (lp 0.225641 cuts 0.230172 heur 0.873147 branch 0.617903)
[bb] nodes=20 open=19 incumbent=- node_bound=-10826.5 depth=19 gap=-1 t=2.05226s (lp 0.235428 cuts 0.230173 heur 0.875992 branch 0.665676)
[bb] nodes=500 open=489 incumbent=-7780.165085 node_bound=-11238.8 depth=15 gap=0.444542 t=17.6062s (lp 3.29186 cuts 4.17802 heur 5.86781 branch 3.40846)
[bb] nodes=1000 open=979 incumbent=-7780.165085 node_bound=-10154.4 depth=54 gap=0.305169 t=28.306s (lp 6.42056 cuts 8.18583 heur 8.87162 branch 3.43016)
[bb] nodes=1500 open=1467 incumbent=-7808.200391 node_bound=-11208.7 depth=17 gap=0.435503 t=38.5916s (lp 9.41352 cuts 12.1769 heur 11.6395 branch 3.45156)
[bb] nodes=2000 open=1957 incumbent=-7808.200391 node_bound=-8634.29 depth=74 gap=0.105798 t=49.3048s (lp 13.0623 cuts 17.0255 heur 13.1799 branch 3.48196)
[bb] nodes=2500 open=2445 incumbent=-7808.200391 node_bound=-9549.71 depth=62 gap=0.223036 t=59.6721s (lp 16.5644 cuts 21.6638 heur 14.7782 branch 3.50879)
[bb] nodes=3000 open=2933 incumbent=-7808.200391 node_bound=-10229.4 depth=47 gap=0.310085 t=69.4845s (lp 19.9173 cuts 26.0475 heur 16.2318 branch 3.53122)
[bb] nodes=3500 open=3421 incumbent=-7808.200391 node_bound=-10715.5 depth=29 gap=0.37234 t=78.5061s (lp 22.975 cuts 30.1345 heur 17.5948 branch 3.55134)
[bb] nodes=4000 open=3909 incumbent=-7808.200391 node_bound=-11470.1 depth=8 gap=0.468982 t=87.7274s (lp 26.0913 cuts 34.1913 heur 19.1254 branch 3.57215)
[bb] nodes=4500 open=4397 incumbent=-7808.200391 node_bound=-11166.9 depth=16 gap=0.430153 t=96.7005s (lp 29.1912 cuts 38.2684 heur 20.3972 branch 3.59139)
[bb] nodes=5000 open=4887 incumbent=-7855.813692 node_bound=-7945.21 depth=87 gap=0.0113791 t=105.82s (lp 32.2148 cuts 42.2829 heur 21.8314 branch 3.61044)
[bb] nodes=5500 open=5375 incumbent=-7855.813692 node_bound=-7894.34 depth=94 gap=0.00490368 t=115.1s (lp 35.3619 cuts 46.2804 heur 23.4233 branch 3.63072)
[bb] nodes=6000 open=5863 incumbent=-7855.813692 node_bound=-8159.47 depth=86 gap=0.0386533 t=124.764s (lp 38.6617 cuts 50.6406 heur 24.8421 branch 3.65464)
[bb] nodes=6500 open=6351 incumbent=-7855.813692 node_bound=-8661.74 depth=74 gap=0.10259 t=133.663s (lp 41.6899 cuts 54.6029 heur 26.214 branch 3.67674)
[bb] nodes=7000 open=6837 incumbent=-7855.813692 node_bound=-11307.6 depth=9 gap=0.439393 t=142.499s (lp 44.7146 cuts 58.5462 heur 27.5524 branch 3.69584)
[bb] nodes=7500 open=7325 incumbent=-7855.813692 node_bound=-11006.2 depth=17 gap=0.401022 t=151.104s (lp 47.6518 cuts 62.4315 heur 28.8135 branch 3.7168)
[bb] nodes=8000 open=7813 incumbent=-7855.813692 node_bound=-11289.7 depth=9 gap=0.437115 t=159.999s (lp 50.7287 cuts 66.4181 heur 30.1066 branch 3.73874)
[bb] nodes=8500 open=8301 incumbent=-7855.813692 node_bound=-11304.3 depth=20 gap=0.438972 t=168.865s (lp 53.7648 cuts 70.3723 heur 31.4458 branch 3.76013)
[bb] nodes=9000 open=8791 incumbent=-7855.813692 node_bound=-7986.17 depth=88 gap=0.0165935 t=177.491s (lp 56.6994 cuts 74.276 heur 32.7203 branch 3.78025)
[bb] nodes=9500 open=9277 incumbent=-7855.813692 node_bound=-11305.7 depth=16 gap=0.439145 t=186.376s (lp 59.6814 cuts 78.2901 heur 34.0972 branch 3.80119)
[bb] nodes=10000 open=9765 incumbent=-7855.813692 node_bound=-10088.8 depth=52 gap=0.284245 t=195.655s (lp 62.9037 cuts 82.6235 heur 35.2757 branch 3.82515)
[bb] nodes=10500 open=10253 incumbent=-7855.813692 node_bound=-9541.49 depth=60 gap=0.214577 t=205.536s (lp 66.2759 cuts 87.1106 heur 36.6988 branch 3.84898)
[bb] nodes=11000 open=10741 incumbent=-7855.813692 node_bound=-8642.07 depth=79 gap=0.100085 t=221.961s (lp 72.2336 cuts 94.4556 heur 38.7375 branch 3.90395)
[bb] nodes=11500 open=11229 incumbent=-7855.813692 node_bound=-8839.6 depth=72 gap=0.125231 t=232.373s (lp 75.676 cuts 99.1358 heur 40.4014 branch 3.9322)
[bb] nodes=12000 open=11717 incumbent=-7855.813692 node_bound=-8622.9 depth=77 gap=0.0976457 t=241.55s (lp 78.8654 cuts 103.291 heur 41.6719 branch 3.95401)
[bb] nodes=12500 open=12205 incumbent=-7855.813692 node_bound=-8478.56 depth=79 gap=0.0792718 t=251.446s (lp 82.2291 cuts 107.738 heur 43.1396 branch 3.9787)
[bb] nodes=13000 open=12691 incumbent=-7855.813692 node_bound=-11052.7 depth=18 gap=0.406943 t=261.201s (lp 85.5914 cuts 112.161 heur 44.5158 branch 4.00357)
[bb] nodes=13500 open=13179 incumbent=-7855.813692 node_bound=-11324.6 depth=6 gap=0.441552 t=270.169s (lp 88.6832 cuts 116.179 heur 45.8444 branch 4.02407)
[bb] nodes=14000 open=13669 incumbent=-7855.813692 node_bound=-8345.82 depth=84 gap=0.0623749 t=280.008s (lp 91.9995 cuts 120.624 heur 47.3224 branch 4.05038)
[bb] nodes=14500 open=14157 incumbent=-7855.813692 node_bound=-8448.95 depth=80 gap=0.0755023 t=289.635s (lp 95.2591 cuts 124.947 heur 48.7984 branch 4.07332)
[bb] nodes=15000 open=14645 incumbent=-7855.813692 node_bound=-10303.3 depth=44 gap=0.311554 t=298.47s (lp 98.248 cuts 128.95 heur 50.126 branch 4.09304)
[bb] nodes=15500 open=15133 incumbent=-7855.813692 node_bound=-10147.6 depth=51 gap=0.291735 t=307.454s (lp 101.348 cuts 132.956 heur 51.452 branch 4.11367)
[bb] nodes=16000 open=15621 incumbent=-7855.813692 node_bound=-8790.84 depth=70 gap=0.119024 t=316.754s (lp 104.411 cuts 137 heur 53.1179 branch 4.13648)
[bb] nodes=16500 open=16109 incumbent=-7855.813692 node_bound=-8030.55 depth=84 gap=0.0222427 t=325.787s (lp 107.486 cuts 141.037 heur 54.5006 branch 4.15869)
[bb] nodes=17000 open=16597 incumbent=-7855.813692 node_bound=-9401.39 depth=63 gap=0.196743 t=335.19s (lp 110.696 cuts 145.271 heur 55.8803 branch 4.18282)
[bb] nodes=17500 open=17085 incumbent=-7855.813692 node_bound=-9331.22 depth=65 gap=0.187811 t=344.071s (lp 113.754 cuts 149.252 heur 57.2037 branch 4.20324)
[bb] nodes=18000 open=17573 incumbent=-7855.813692 node_bound=-8979.71 depth=70 gap=0.143066 t=353.357s (lp 116.923 cuts 153.44 heur 58.5683 branch 4.22791)
[bb] nodes=18500 open=18061 incumbent=-7855.813692 node_bound=-8249.61 depth=85 gap=0.0501286 t=362.174s (lp 119.901 cuts 157.408 heur 59.9192 branch 4.2486)
[bb] nodes=19000 open=18547 incumbent=-7855.813692 node_bound=-10944.1 depth=17 gap=0.393123 t=371.897s (lp 123.216 cuts 161.615 heur 61.572 branch 4.27232)
[bb] nodes=19500 open=19037 incumbent=-7855.813692 node_bound=-8149.32 depth=91 gap=0.0373621 t=380.716s (lp 126.241 cuts 165.523 heur 62.9169 branch 4.29558)
[bb] nodes=20000 open=19525 incumbent=-7855.813692 node_bound=-7932.52 depth=90 gap=0.00976457 t=389.597s (lp 129.287 cuts 169.467 heur 64.2772 branch 4.31523)
[bb] nodes=20500 open=20013 incumbent=-7855.813692 node_bound=-9032.09 depth=72 gap=0.149733 t=398.987s (lp 132.529 cuts 173.644 heur 65.6645 branch 4.33914)
[bb] nodes=21000 open=20501 incumbent=-7855.813692 node_bound=-8537.67 depth=77 gap=0.0867961 t=407.848s (lp 135.573 cuts 177.576 heur 67.016 branch 4.36031)
[bb] nodes=21500 open=20987 incumbent=-7855.813692 node_bound=-10806.7 depth=21 gap=0.37563 t=416.788s (lp 138.603 cuts 181.647 heur 68.323 branch 4.38096)
[bb] nodes=22000 open=21475 incumbent=-7855.813692 node_bound=-10696.3 depth=27 gap=0.361582 t=425.571s (lp 141.672 cuts 185.611 heur 69.5348 branch 4.40772)
[bb] nodes=22500 open=21963 incumbent=-7855.813692 node_bound=-10726.5 depth=26 gap=0.365419 t=434.42s (lp 144.678 cuts 189.63 heur 70.8425 branch 4.42934)
[bb] nodes=23000 open=22453 incumbent=-7855.813692 node_bound=-7905 depth=94 gap=0.00626102 t=443.437s (lp 147.791 cuts 193.607 heur 72.2299 branch 4.45104)
[bb] nodes=23500 open=22939 incumbent=-7855.813692 node_bound=-11276.4 depth=11 gap=0.435418 t=452.406s (lp 150.84 cuts 197.669 heur 73.562 branch 4.4727)
[bb] nodes=24000 open=23427 incumbent=-7855.813692 node_bound=-10946.5 depth=16 gap=0.393421 t=461.287s (lp 153.897 cuts 201.651 heur 74.8785 branch 4.49456)
[bb] nodes=24500 open=23915 incumbent=-7855.813692 node_bound=-11097 depth=14 gap=0.412578 t=470.46s (lp 157.068 cuts 205.727 heur 76.2417 branch 4.51987)
[bb] nodes=25000 open=24403 incumbent=-7855.813692 node_bound=-10638.5 depth=29 gap=0.354216 t=479.281s (lp 160.075 cuts 209.713 heur 77.5504 branch 4.54002)
[bb] nodes=25500 open=24891 incumbent=-7855.813692 node_bound=-10559.6 depth=31 gap=0.344183 t=488.215s (lp 163.146 cuts 213.749 heur 78.833 branch 4.5661)
[bb] nodes=26000 open=25379 incumbent=-7855.813692 node_bound=-10612.7 depth=30 gap=0.350941 t=496.98s (lp 166.155 cuts 217.669 heur 80.151 branch 4.58602)
[bb] nodes=26500 open=25867 incumbent=-7855.813692 node_bound=-9251.92 depth=67 gap=0.177716 t=505.925s (lp 169.239 cuts 221.613 heur 81.551 branch 4.60622)
[bb] nodes=27000 open=26355 incumbent=-7855.813692 node_bound=-8427.19 depth=83 gap=0.0727323 t=515.085s (lp 172.394 cuts 225.745 heur 82.8866 branch 4.63377)
[bb] nodes=27500 open=26843 incumbent=-7855.813692 node_bound=-8645.19 depth=77 gap=0.100483 t=524.761s (lp 175.725 cuts 230.112 heur 84.2885 branch 4.65754)
[bb] nodes=28000 open=27331 incumbent=-7855.813692 node_bound=-8169.34 depth=84 gap=0.03991 t=533.642s (lp 178.715 cuts 234.135 heur 85.6426 branch 4.67912)
[bb] nodes=28500 open=27817 incumbent=-7855.813692 node_bound=-10748.9 depth=24 gap=0.368271 t=542.461s (lp 181.759 cuts 238.061 heur 86.9379 branch 4.7024)
[bb] nodes=29000 open=28305 incumbent=-7855.813692 node_bound=-9337.03 depth=63 gap=0.18855 t=551.489s (lp 184.865 cuts 242.098 heur 88.2687 branch 4.72297)
[bb] nodes=29500 open=28793 incumbent=-7855.813692 node_bound=-9011.61 depth=74 gap=0.147126 t=560.284s (lp 187.967 cuts 246.12 heur 89.4087 branch 4.74378)
[bb] nodes=30000 open=29281 incumbent=-7855.813692 node_bound=-9903.5 depth=56 gap=0.260658 t=569.384s (lp 191.128 cuts 250.148 heur 90.7734 branch 4.76523)
[bb] nodes=30500 open=29769 incumbent=-7855.813692 node_bound=-9314.32 depth=66 gap=0.185659 t=578.529s (lp 194.217 cuts 254.328 heur 92.1259 branch 4.78488)
[bb] nodes=31000 open=30257 incumbent=-7855.813692 node_bound=-8954.62 depth=73 gap=0.139872 t=587.417s (lp 197.268 cuts 258.233 heur 93.521 branch 4.80666)
[bb] nodes=31500 open=30745 incumbent=-7855.813692 node_bound=-9199.11 depth=68 gap=0.170994 t=596.277s (lp 200.287 cuts 262.205 heur 94.8656 branch 4.82766)
