[bb] nodes=1 open=0 incumbent=- node_bound=-inf depth=0 gap=-1 t=0.0003511s (lp 0 cuts 0 heur 0 branch 0)
[bb] nodes=2 open=1 incumbent=- node_bound=9.59195e+007 depth=1 gap=-1 t=0.0239222s (lp 0.0073001 cuts 0.0003425 heur 9.98934e-008 branch 0.0144551)
[bb] nodes=3 open=2 incumbent=- node_bound=9.83354e+007 depth=2 gap=-1 t=0.043897s (lp 0.0101214 cuts 0.000343 heur 1.99815e-007 branch 0.0305956)
[bb] nodes=4 open=3 incumbent=- node_bound=9.97238e+007 depth=3 gap=-1 t=0.0627572s (lp 0.0135713 cuts 0.0003432 heur 1.99848e-007 branch 0.0450925)
[bb] nodes=5 open=4 incumbent=- node_bound=1.0088e+008 depth=4 gap=-1 t=0.0806203s (lp 0.016374 cuts 0.0003435 heur 2.99939e-007 branch 0.0593462)
[bb] nodes=6 open=5 incumbent=- node_bound=1.03088e+008 depth=5 gap=-1 t=0.0993494s (lp 0.019135 cuts 0.0003437 heur 3.99982e-007 branch 0.0744812)
[bb] nodes=7 open=6 incumbent=- node_bound=1.03754e+008 depth=6 gap=-1 t=0.119237s (lp 0.0219003 cuts 0.000418 heur 4.9997e-007 branch 0.0907654)
[bb] nodes=8 open=7 incumbent=- node_bound=1.04376e+008 depth=7 gap=-1 t=0.138702s (lp 0.0253284 cuts 0.0004186 heur 5.00061e-007 branch 0.105668)
[bb] nodes=9 open=8 incumbent=- node_bound=1.05917e+008 depth=8 gap=-1 t=0.158585s (lp 0.0283213 cuts 0.0004188 heur 6.0006e-007 branch 0.121534)
[bb] nodes=10 open=9 incumbent=- node_bound=1.06398e+008 depth=9 gap=-1 t=0.178073s (lp 0.0311081 cuts 0.0004191 heur 7.00041e-007 branch 0.137258)
[bb] nodes=11 open=10 incumbent=- node_bound=1.06799e+008 depth=10 gap=-1 t=0.197286s (lp 0.0339564 cuts 0.000419401 heur 7.00112e-007 branch 0.152724)
[bb] nodes=12 open=11 incumbent=- node_bound=1.07372e+008 depth=11 gap=-1 t=0.218992s (lp 0.0374499 cuts 0.000543301 heur 7.0017e-007 branch 0.169673)
[bb] nodes=13 open=12 incumbent=- node_bound=1.08127e+008 depth=12 gap=-1 t=0.238672s (lp 0.0404861 cuts 0.000543501 heur 8.00152e-007 branch 0.185415)
[bb] nodes=14 open=13 incumbent=- node_bound=1.08502e+008 depth=13 gap=-1 t=0.250908s (lp 0.0437954 cuts 0.000543701 heur 9.0022e-007 branch 0.193488)
[bb] nodes=15 open=14 incumbent=- node_bound=1.10255e+008 depth=14 gap=-1 t=0.255262s (lp 0.0471848 cuts 0.000544001 heur 1.00032e-006 branch 0.193499)
[bb] nodes=16 open=15 incumbent=- node_bound=1.11018e+008 depth=15 gap=-1 t=0.266594s (lp 0.0502372 cuts 0.000544301 heur 1.10029e-006 branch 0.201126)
[bb] nodes=17 open=16 incumbent=- node_bound=1.11405e+008 depth=16 gap=-1 t=0.280099s (lp 0.0539188 cuts 0.000648601 heur 1.20032e-006 branch 0.209742)
[bb] nodes=18 open=17 incumbent=- node_bound=1.11422e+008 depth=17 gap=-1 t=0.291655s (lp 0.0573279 cuts 0.000648801 heur 1.30041e-006 branch 0.216827)
[bb] nodes=19 open=18 incumbent=- node_bound=1.11444e+008 depth=18 gap=-1 t=0.304579s (lp 0.0611568 cuts 0.000649601 heur 1.30032e-006 branch 0.224418)
[bb] nodes=20 open=19 incumbent=- node_bound=1.11527e+008 depth=19 gap=-1 t=0.30843s (lp 0.0641931 cuts 0.000649901 heur 1.50036e-006 branch 0.224437)
[bb] nodes=500 open=369 incumbent=107978669.000000 node_bound=1.07042e+008 depth=12 gap=0.00867607 t=2.24077s (lp 1.48057 cuts 0.0223006 heur 4.45015e-005 branch 0.353586)
[bb] nodes=1000 open=605 incumbent=107342712.000000 node_bound=1.04969e+008 depth=11 gap=0.0221148 t=4.06611s (lp 2.90692 cuts 0.0495503 heur 8.56021e-005 branch 0.38134)
[bb] nodes=1500 open=571 incumbent=106940226.000000 node_bound=1.06129e+008 depth=12 gap=0.00759044 t=6.13943s (lp 4.54973 cuts 0.0750826 heur 0.000125104 branch 0.386396)
[bb] nodes=2000 open=131 incumbent=106940226.000000 node_bound=1.07257e+008 depth=18 gap=0 t=7.87945s (lp 5.91034 cuts 0.0953128 heur 0.000161005 branch 0.387103)
[debug-solution] violation node=-1 depth=-1 component=final best bound data=bound=106943385 reference_objective=106940226
