[bb] nodes=1 open=0 incumbent=- node_bound=-inf depth=0 gap=-1 t=0.0007759s (lp 0 cuts 0 heur 0 branch 0)
[bb] nodes=2 open=1 incumbent=- node_bound=1415 depth=1 gap=-1 t=0.299102s (lp 0.0110338 cuts 0.0027793 heur 0.192805 branch 0.0894734)
[bb] nodes=3 open=2 incumbent=- node_bound=1502.5 depth=2 gap=-1 t=0.391504s (lp 0.0187849 cuts 0.0059225 heur 0.193506 branch 0.165515)
[bb] nodes=4 open=3 incumbent=- node_bound=1502.5 depth=3 gap=-1 t=0.510858s (lp 0.0227446 cuts 0.0084544 heur 0.193809 branch 0.276788)
[bb] nodes=5 open=4 incumbent=- node_bound=2140 depth=4 gap=-1 t=0.610721s (lp 0.0310265 cuts 0.0171012 heur 0.194338 branch 0.356974)
[bb] nodes=6 open=5 incumbent=- node_bound=2497.5 depth=5 gap=-1 t=0.686953s (lp 0.0360954 cuts 0.0245453 heur 0.194814 branch 0.41813)
[bb] nodes=7 open=6 incumbent=- node_bound=2775 depth=6 gap=-1 t=0.762901s (lp 0.0411739 cuts 0.0259322 heur 0.195139 branch 0.486216)
[bb] nodes=8 open=5 incumbent=3190.000000 node_bound=1415 depth=1 gap=0.556426 t=0.778795s (lp 0.0448735 cuts 0.0274029 heur 0.199928 branch 0.486216)
[bb] nodes=9 open=6 incumbent=3190.000000 node_bound=1415 depth=2 gap=0.556426 t=0.85295s (lp 0.0487021 cuts 0.030273 heur 0.200239 branch 0.551847)
[bb] nodes=10 open=7 incumbent=3190.000000 node_bound=1560 depth=3 gap=0.510972 t=0.976996s (lp 0.0569237 cuts 0.0331008 heur 0.200535 branch 0.663505)
[bb] nodes=11 open=8 incumbent=3190.000000 node_bound=2035 depth=4 gap=0.362069 t=1.16471s (lp 0.0626151 cuts 0.0396286 heur 0.201158 branch 0.836627)
[bb] nodes=12 open=9 incumbent=3190.000000 node_bound=2497.5 depth=5 gap=0.217085 t=1.26266s (lp 0.0674312 cuts 0.045827 heur 0.201536 branch 0.920633)
[bb] nodes=13 open=10 incumbent=3190.000000 node_bound=2652.5 depth=6 gap=0.168495 t=1.38794s (lp 0.0746214 cuts 0.0488879 heur 0.202145 branch 1.03301)
[bb] nodes=14 open=9 incumbent=3190.000000 node_bound=1415 depth=2 gap=0.556426 t=1.3974s (lp 0.0800612 cuts 0.0511942 heur 0.202585 branch 1.03301)
[bb] nodes=15 open=10 incumbent=3190.000000 node_bound=1415 depth=3 gap=0.556426 t=1.48453s (lp 0.0859543 cuts 0.054871 heur 0.203087 branch 1.10834)
[bb] nodes=16 open=11 incumbent=3190.000000 node_bound=1415 depth=4 gap=0.556426 t=1.57592s (lp 0.0892993 cuts 0.0579618 heur 0.203439 branch 1.19163)
[bb] nodes=17 open=12 incumbent=3190.000000 node_bound=1502.5 depth=5 gap=0.528997 t=1.757s (lp 0.0952068 cuts 0.062456 heur 0.203859 branch 1.36043)
[bb] nodes=18 open=13 incumbent=3190.000000 node_bound=2208.57 depth=6 gap=0.307658 t=1.87763s (lp 0.102826 cuts 0.0642482 heur 0.204437 branch 1.46847)
[bb] nodes=19 open=14 incumbent=3190.000000 node_bound=2549.4 depth=7 gap=0.200814 t=2.00657s (lp 0.11422 cuts 0.0667999 heur 0.205128 branch 1.56904)
[bb] nodes=20 open=13 incumbent=3190.000000 node_bound=1415 depth=4 gap=0.556426 t=2.01432s (lp 0.120567 cuts 0.0667999 heur 0.205128 branch 1.56904)
[bb] nodes=500 open=341 incumbent=2895.000000 node_bound=2142.44 depth=13 gap=0.259953 t=16.9741s (lp 2.45176 cuts 0.858808 heur 1.17435 branch 11.9117)
[bb] nodes=1000 open=609 incumbent=2895.000000 node_bound=1928.57 depth=7 gap=0.333827 t=21.1634s (lp 4.63928 cuts 1.59046 heur 1.70479 branch 12.1696)
[bb] nodes=1500 open=971 incumbent=2895.000000 node_bound=2265.62 depth=25 gap=0.217401 t=25.3701s (lp 6.75369 cuts 2.38335 heur 2.4423 branch 12.2458)
[bb] nodes=2000 open=1283 incumbent=2810.000000 node_bound=2722.5 depth=16 gap=0.0311388 t=29.6548s (lp 8.98054 cuts 3.15681 heur 3.1577 branch 12.3269)
[bb] nodes=2500 open=1551 incumbent=2810.000000 node_bound=2340.83 depth=30 gap=0.166963 t=33.642s (lp 11.1594 cuts 3.89412 heur 3.65058 branch 12.4326)
[bb] nodes=3000 open=1785 incumbent=2810.000000 node_bound=2130 depth=25 gap=0.241993 t=37.82s (lp 13.4454 cuts 4.63179 heur 4.28172 branch 12.4682)
[bb] nodes=3500 open=2015 incumbent=2810.000000 node_bound=2162.5 depth=14 gap=0.230427 t=41.9581s (lp 15.7311 cuts 5.39922 heur 4.82 branch 12.5126)
[bb] nodes=4000 open=2217 incumbent=2810.000000 node_bound=2145.71 depth=33 gap=0.236401 t=45.985s (lp 17.9302 cuts 6.14465 heur 5.36908 branch 12.5477)
[bb] nodes=4500 open=2461 incumbent=2810.000000 node_bound=2187.5 depth=44 gap=0.22153 t=49.9688s (lp 20.1006 cuts 6.91797 heur 5.85594 branch 12.6098)
[bb] nodes=5000 open=2649 incumbent=2810.000000 node_bound=2305.45 depth=45 gap=0.179554 t=53.9696s (lp 22.3864 cuts 7.69594 heur 6.29395 branch 12.6204)
[bb] nodes=5500 open=2875 incumbent=2810.000000 node_bound=2246.67 depth=39 gap=0.200474 t=58.1228s (lp 24.7057 cuts 8.51197 heur 6.80131 branch 12.6323)
[bb] nodes=6000 open=3085 incumbent=2810.000000 node_bound=2420.71 depth=42 gap=0.138536 t=62.0685s (lp 26.8963 cuts 9.27638 heur 7.29429 branch 12.6433)
[bb] nodes=6500 open=3221 incumbent=2810.000000 node_bound=2715 depth=19 gap=0.0338078 t=65.8486s (lp 29.0804 cuts 10.0038 heur 7.68073 branch 12.654)
[bb] nodes=7000 open=3427 incumbent=2810.000000 node_bound=2271.43 depth=21 gap=0.191662 t=69.9804s (lp 31.2437 cuts 10.7691 heur 8.39565 branch 12.665)
[bb] nodes=7500 open=3637 incumbent=2810.000000 node_bound=2284.11 depth=25 gap=0.18715 t=73.8516s (lp 33.3872 cuts 11.5404 heur 8.87214 branch 12.6773)
[bb] nodes=8000 open=3801 incumbent=2810.000000 node_bound=2340 depth=21 gap=0.16726 t=77.6966s (lp 35.5777 cuts 12.2835 heur 9.29657 branch 12.6884)
[bb] nodes=8500 open=3915 incumbent=2810.000000 node_bound=2499.17 depth=50 gap=0.110617 t=81.6144s (lp 37.7824 cuts 13.0251 heur 9.78414 branch 12.6988)
[bb] nodes=9000 open=4147 incumbent=2810.000000 node_bound=2330 depth=37 gap=0.170819 t=85.4691s (lp 39.8243 cuts 13.7898 heur 10.3517 branch 12.712)
[bb] nodes=9500 open=4267 incumbent=2810.000000 node_bound=2420 depth=30 gap=0.13879 t=89.308s (lp 42.0674 cuts 14.5092 heur 10.7492 branch 12.7215)
[bb] nodes=10000 open=4421 incumbent=2810.000000 node_bound=2802.5 depth=17 gap=0.00266904 t=93.186s (lp 44.2441 cuts 15.2902 heur 11.1727 branch 12.7316)
[bb] nodes=10500 open=4577 incumbent=2810.000000 node_bound=2364.57 depth=27 gap=0.158516 t=96.9703s (lp 46.3855 cuts 16.0245 heur 11.6012 branch 12.7432)
[bb] nodes=11000 open=4719 incumbent=2810.000000 node_bound=2410.36 depth=19 gap=0.142222 t=100.59s (lp 48.499 cuts 16.756 heur 11.875 branch 12.753)
[bb] nodes=11500 open=4869 incumbent=2810.000000 node_bound=2388.73 depth=14 gap=0.149918 t=104.245s (lp 50.5227 cuts 17.4827 heur 12.3193 branch 12.7627)
[bb] nodes=12000 open=5015 incumbent=2810.000000 node_bound=2406.25 depth=35 gap=0.143683 t=108.184s (lp 52.7735 cuts 18.2251 heur 12.7605 branch 12.7731)
[bb] nodes=12500 open=5167 incumbent=2810.000000 node_bound=2725 depth=30 gap=0.0302491 t=111.84s (lp 54.8335 cuts 18.9301 heur 13.1815 branch 12.7831)
[bb] nodes=13000 open=5289 incumbent=2810.000000 node_bound=2421.67 depth=33 gap=0.138197 t=115.743s (lp 57.0155 cuts 19.676 heur 13.6613 branch 12.7928)
[bb] nodes=13500 open=5383 incumbent=2810.000000 node_bound=2647.5 depth=18 gap=0.0578292 t=119.534s (lp 59.2111 cuts 20.423 heur 14.0183 branch 12.8026)
[bb] nodes=14000 open=5459 incumbent=2810.000000 node_bound=2445 depth=12 gap=0.129893 t=123.657s (lp 61.5309 cuts 21.1557 heur 14.5166 branch 12.8131)
[bb] nodes=14500 open=5599 incumbent=2810.000000 node_bound=2635 depth=33 gap=0.0622776 t=127.764s (lp 63.8222 cuts 21.921 heur 15.004 branch 12.8258)
[bb] nodes=15000 open=5727 incumbent=2810.000000 node_bound=2727.5 depth=38 gap=0.0293594 t=131.551s (lp 65.9628 cuts 22.6996 heur 15.3569 branch 12.837)
[bb] nodes=15500 open=5817 incumbent=2810.000000 node_bound=2471.9 depth=18 gap=0.120319 t=135.316s (lp 68.0934 cuts 23.4251 heur 15.7673 branch 12.846)
[bb] nodes=16000 open=5873 incumbent=2810.000000 node_bound=2765 depth=32 gap=0.0160142 t=139.166s (lp 70.2329 cuts 24.1684 heur 16.2346 branch 12.855)
[bb] nodes=16500 open=5961 incumbent=2810.000000 node_bound=2490.62 depth=26 gap=0.113657 t=142.981s (lp 72.4298 cuts 24.9342 heur 16.5598 branch 12.864)
[bb] nodes=17000 open=5999 incumbent=2810.000000 node_bound=2547.5 depth=39 gap=0.0934164 t=146.739s (lp 74.5917 cuts 25.6685 heur 16.9153 branch 12.8731)
[bb] nodes=17500 open=6009 incumbent=2810.000000 node_bound=2511.25 depth=58 gap=0.106317 t=150.314s (lp 76.71 cuts 26.3627 heur 17.1926 branch 12.8805)
[bb] nodes=18000 open=6097 incumbent=2810.000000 node_bound=2652 depth=43 gap=0.0562278 t=153.891s (lp 78.7717 cuts 27.0953 heur 17.5086 branch 12.8901)
[bb] nodes=18500 open=6163 incumbent=2810.000000 node_bound=2610.83 depth=44 gap=0.0708778 t=157.46s (lp 80.8695 cuts 27.7853 heur 17.802 branch 12.8989)
[bb] nodes=19000 open=6231 incumbent=2810.000000 node_bound=2625 depth=15 gap=0.0658363 t=161.291s (lp 83.0379 cuts 28.5318 heur 18.232 branch 12.9079)
[bb] nodes=19500 open=6231 incumbent=2810.000000 node_bound=2630 depth=16 gap=0.0640569 t=164.939s (lp 85.1842 cuts 29.2498 heur 18.526 branch 12.9154)
[bb] nodes=20000 open=6239 incumbent=2810.000000 node_bound=2551.25 depth=34 gap=0.0920819 t=168.508s (lp 87.3005 cuts 29.9628 heur 18.8018 branch 12.9239)
[bb] nodes=20500 open=6219 incumbent=2810.000000 node_bound=2560 depth=74 gap=0.088968 t=172.034s (lp 89.4057 cuts 30.6376 heur 19.0729 branch 12.9308)
[bb] nodes=21000 open=6211 incumbent=2810.000000 node_bound=2588 depth=35 gap=0.0790036 t=175.771s (lp 91.5461 cuts 31.3635 heur 19.4587 branch 12.9387)
[bb] nodes=21500 open=6195 incumbent=2810.000000 node_bound=2577 depth=32 gap=0.0829181 t=179.381s (lp 93.6421 cuts 32.055 heur 19.7972 branch 12.9475)
[bb] nodes=22000 open=6191 incumbent=2810.000000 node_bound=2593.33 depth=18 gap=0.0771056 t=182.944s (lp 95.7152 cuts 32.7626 heur 20.1101 branch 12.955)
[bb] nodes=22500 open=6105 incumbent=2810.000000 node_bound=2594.11 depth=25 gap=0.0768302 t=186.927s (lp 98.0768 cuts 33.5088 heur 20.47 branch 12.9628)
[bb] nodes=23000 open=6065 incumbent=2810.000000 node_bound=2731.67 depth=29 gap=0.0278766 t=190.591s (lp 100.218 cuts 34.2172 heur 20.7947 branch 12.9698)
[bb] nodes=23500 open=6015 incumbent=2810.000000 node_bound=2800 depth=30 gap=0.00355872 t=194.291s (lp 102.364 cuts 34.9542 heur 21.1233 branch 12.9781)
[bb] nodes=24000 open=5963 incumbent=2810.000000 node_bound=2693.75 depth=19 gap=0.0413701 t=197.99s (lp 104.537 cuts 35.6502 heur 21.474 branch 12.9859)
[bb] nodes=24500 open=5911 incumbent=2810.000000 node_bound=2742.5 depth=39 gap=0.0240214 t=201.965s (lp 106.885 cuts 36.4414 heur 21.7556 branch 12.9939)
[bb] nodes=25000 open=5839 incumbent=2810.000000 node_bound=2631 depth=11 gap=0.0637011 t=205.973s (lp 109.222 cuts 37.2147 heur 22.1135 branch 13.0023)
[bb] nodes=25500 open=5715 incumbent=2810.000000 node_bound=2638.57 depth=39 gap=0.0610066 t=209.617s (lp 111.361 cuts 37.9053 heur 22.4337 branch 13.0081)
[bb] nodes=26000 open=5667 incumbent=2810.000000 node_bound=2645 depth=31 gap=0.0587189 t=213.572s (lp 113.67 cuts 38.6762 heur 22.7495 branch 13.0157)
[bb] nodes=26500 open=5513 incumbent=2810.000000 node_bound=2653.81 depth=27 gap=0.0555838 t=217.461s (lp 115.992 cuts 39.4051 heur 23.0328 branch 13.022)
[bb] nodes=27000 open=5405 incumbent=2810.000000 node_bound=2660 depth=44 gap=0.0533808 t=221.041s (lp 118.13 cuts 40.0938 heur 23.3067 branch 13.028)
[bb] nodes=27500 open=5301 incumbent=2810.000000 node_bound=2667 depth=56 gap=0.0508897 t=224.695s (lp 120.26 cuts 40.8363 heur 23.6053 branch 13.0341)
[bb] nodes=28000 open=5175 incumbent=2810.000000 node_bound=2674.62 depth=52 gap=0.0481796 t=228.22s (lp 122.325 cuts 41.5329 heur 23.8862 branch 13.04)
[bb] nodes=28500 open=5011 incumbent=2810.000000 node_bound=2682.14 depth=64 gap=0.0455008 t=232.081s (lp 124.636 cuts 42.2852 heur 24.1609 branch 13.0452)
[bb] nodes=29000 open=4869 incumbent=2810.000000 node_bound=2688.57 depth=16 gap=0.043213 t=235.949s (lp 126.931 cuts 43.0231 heur 24.4577 branch 13.0511)
[bb] nodes=29500 open=4729 incumbent=2810.000000 node_bound=2718.75 depth=29 gap=0.0324733 t=239.605s (lp 129.073 cuts 43.7331 heur 24.7849 branch 13.0572)
[bb] nodes=30000 open=4587 incumbent=2810.000000 node_bound=2701.67 depth=14 gap=0.0385528 t=243.135s (lp 131.163 cuts 44.4257 heur 25.0461 branch 13.064)
[bb] nodes=30500 open=4395 incumbent=2810.000000 node_bound=2747.5 depth=59 gap=0.022242 t=246.605s (lp 133.248 cuts 45.0739 heur 25.2882 branch 13.0702)
[bb] nodes=31000 open=4237 incumbent=2810.000000 node_bound=2715 depth=53 gap=0.0338078 t=250.543s (lp 135.53 cuts 45.8611 heur 25.619 branch 13.0758)
[bb] nodes=31500 open=4075 incumbent=2810.000000 node_bound=2769.29 depth=42 gap=0.0144891 t=255.26s (lp 138.313 cuts 46.7522 heur 26.0109 branch 13.0831)
[bb] nodes=32000 open=3911 incumbent=2810.000000 node_bound=2728 depth=55 gap=0.0291815 t=259.563s (lp 140.856 cuts 47.6354 heur 26.2968 branch 13.0892)
[bb] nodes=32500 open=3639 incumbent=2810.000000 node_bound=2735 depth=41 gap=0.0266904 t=264.15s (lp 143.644 cuts 48.4701 heur 26.6138 branch 13.0936)
[bb] nodes=33000 open=3415 incumbent=2810.000000 node_bound=2741.94 depth=69 gap=0.0242191 t=267.921s (lp 145.894 cuts 49.2112 heur 26.8754 branch 13.0984)
[bb] nodes=33500 open=3139 incumbent=2810.000000 node_bound=2772.5 depth=35 gap=0.0133452 t=271.504s (lp 148.055 cuts 49.9113 heur 27.1105 branch 13.1018)
[bb] nodes=34000 open=2959 incumbent=2810.000000 node_bound=2788.33 depth=42 gap=0.00771056 t=275.548s (lp 150.385 cuts 50.7427 heur 27.4106 branch 13.1068)
[bb] nodes=34500 open=2695 incumbent=2810.000000 node_bound=2762.5 depth=30 gap=0.0169039 t=279.085s (lp 152.514 cuts 51.4275 heur 27.6519 branch 13.1104)
[bb] nodes=35000 open=2455 incumbent=2810.000000 node_bound=2798.12 depth=45 gap=0.00422598 t=282.722s (lp 154.663 cuts 52.1691 heur 27.8938 branch 13.1144)
[bb] nodes=35500 open=2093 incumbent=2810.000000 node_bound=2775 depth=27 gap=0.0124555 t=286.466s (lp 156.915 cuts 52.896 heur 28.1248 branch 13.1166)
[bb] nodes=36000 open=1747 incumbent=2810.000000 node_bound=2780.29 depth=33 gap=0.0105745 t=290.049s (lp 159.036 cuts 53.6097 heur 28.3548 branch 13.1192)
[bb] nodes=36500 open=1379 incumbent=2810.000000 node_bound=2795 depth=17 gap=0.00533808 t=293.619s (lp 161.176 cuts 54.3279 heur 28.5828 branch 13.1211)
[bb] nodes=37000 open=981 incumbent=2810.000000 node_bound=2795 depth=49 gap=0.00533808 t=297.305s (lp 163.386 cuts 55.0673 heur 28.8131 branch 13.1226)
[bb] nodes=37500 open=539 incumbent=2810.000000 node_bound=2802.5 depth=12 gap=0.00266904 t=300.865s (lp 165.54 cuts 55.7362 heur 29.0427 branch 13.124)
[bb] nodes=38000 open=81 incumbent=2810.000000 node_bound=2809.44 depth=32 gap=0.000197707 t=304.389s (lp 167.663 cuts 56.4151 heur 29.2812 branch 13.1246)
